Component: ARM Compiler 5.06 update 1 (build 61) Tool: armlink [4d35a8]

==============================================================================

Section Cross References

    usbd_cdc_if.o(i.CDC_Init_HS) refers to usbd_cdc.o(i.USBD_CDC_SetTxBuffer) for USBD_CDC_SetTxBuffer
    usbd_cdc_if.o(i.CDC_Init_HS) refers to usbd_cdc.o(i.USBD_CDC_SetRxBuffer) for USBD_CDC_SetRxBuffer
    usbd_cdc_if.o(i.CDC_Init_HS) refers to usbd_cdc_if.o(.data) for .data
    usbd_cdc_if.o(i.CDC_Init_HS) refers to usb_device.o(.bss) for hUsbDeviceHS
    usbd_cdc_if.o(i.CDC_Receive_HS) refers to usbd_cdc.o(i.USBD_CDC_SetRxBuffer) for USBD_CDC_SetRxBuffer
    usbd_cdc_if.o(i.CDC_Receive_HS) refers to usbd_cdc.o(i.USBD_CDC_ReceivePacket) for USBD_CDC_ReceivePacket
    usbd_cdc_if.o(i.CDC_Receive_HS) refers to usb_device.o(.bss) for hUsbDeviceHS
    usbd_cdc_if.o(i.CDC_Transmit_HS) refers to usbd_cdc.o(i.USBD_CDC_SetTxBuffer) for USBD_CDC_SetTxBuffer
    usbd_cdc_if.o(i.CDC_Transmit_HS) refers to usbd_cdc.o(i.USBD_CDC_TransmitPacket) for USBD_CDC_TransmitPacket
    usbd_cdc_if.o(i.CDC_Transmit_HS) refers to usb_device.o(.bss) for hUsbDeviceHS
    usbd_cdc_if.o(.data) refers to usbd_cdc_if.o(i.CDC_Init_HS) for CDC_Init_HS
    usbd_cdc_if.o(.data) refers to usbd_cdc_if.o(i.CDC_DeInit_HS) for CDC_DeInit_HS
    usbd_cdc_if.o(.data) refers to usbd_cdc_if.o(i.CDC_Control_HS) for CDC_Control_HS
    usbd_cdc_if.o(.data) refers to usbd_cdc_if.o(i.CDC_Receive_HS) for CDC_Receive_HS
    stm32f7xx_it.o(i.OTG_HS_IRQHandler) refers to stm32f7xx_hal_pcd.o(i.HAL_PCD_IRQHandler) for HAL_PCD_IRQHandler
    stm32f7xx_it.o(i.OTG_HS_IRQHandler) refers to usbd_conf.o(.bss) for hpcd_USB_OTG_HS
    stm32f7xx_it.o(i.SysTick_Handler) refers to stm32f7xx_hal.o(i.HAL_IncTick) for HAL_IncTick
    stm32f7xx_it.o(i.SysTick_Handler) refers to stm32f7xx_hal_cortex.o(i.HAL_SYSTICK_IRQHandler) for HAL_SYSTICK_IRQHandler
    usbd_desc.o(i.USBD_HS_ConfigStrDescriptor) refers to usbd_ctlreq.o(i.USBD_GetString) for USBD_GetString
    usbd_desc.o(i.USBD_HS_ConfigStrDescriptor) refers to usbd_desc.o(.bss) for .bss
    usbd_desc.o(i.USBD_HS_DeviceDescriptor) refers to usbd_desc.o(.data) for .data
    usbd_desc.o(i.USBD_HS_InterfaceStrDescriptor) refers to usbd_ctlreq.o(i.USBD_GetString) for USBD_GetString
    usbd_desc.o(i.USBD_HS_InterfaceStrDescriptor) refers to usbd_desc.o(.bss) for .bss
    usbd_desc.o(i.USBD_HS_LangIDStrDescriptor) refers to usbd_desc.o(.data) for .data
    usbd_desc.o(i.USBD_HS_ManufacturerStrDescriptor) refers to usbd_ctlreq.o(i.USBD_GetString) for USBD_GetString
    usbd_desc.o(i.USBD_HS_ManufacturerStrDescriptor) refers to usbd_desc.o(.bss) for .bss
    usbd_desc.o(i.USBD_HS_ProductStrDescriptor) refers to usbd_ctlreq.o(i.USBD_GetString) for USBD_GetString
    usbd_desc.o(i.USBD_HS_ProductStrDescriptor) refers to usbd_desc.o(.bss) for .bss
    usbd_desc.o(i.USBD_HS_SerialStrDescriptor) refers to usbd_ctlreq.o(i.USBD_GetString) for USBD_GetString
    usbd_desc.o(i.USBD_HS_SerialStrDescriptor) refers to usbd_desc.o(.bss) for .bss
    usbd_desc.o(i.USBD_HS_USR_BOSDescriptor) refers to usbd_desc.o(.data) for .data
    usbd_desc.o(.data) refers to usbd_desc.o(i.USBD_HS_DeviceDescriptor) for USBD_HS_DeviceDescriptor
    usbd_desc.o(.data) refers to usbd_desc.o(i.USBD_HS_LangIDStrDescriptor) for USBD_HS_LangIDStrDescriptor
    usbd_desc.o(.data) refers to usbd_desc.o(i.USBD_HS_ManufacturerStrDescriptor) for USBD_HS_ManufacturerStrDescriptor
    usbd_desc.o(.data) refers to usbd_desc.o(i.USBD_HS_ProductStrDescriptor) for USBD_HS_ProductStrDescriptor
    usbd_desc.o(.data) refers to usbd_desc.o(i.USBD_HS_SerialStrDescriptor) for USBD_HS_SerialStrDescriptor
    usbd_desc.o(.data) refers to usbd_desc.o(i.USBD_HS_ConfigStrDescriptor) for USBD_HS_ConfigStrDescriptor
    usbd_desc.o(.data) refers to usbd_desc.o(i.USBD_HS_InterfaceStrDescriptor) for USBD_HS_InterfaceStrDescriptor
    usbd_desc.o(.data) refers to usbd_desc.o(i.USBD_HS_USR_BOSDescriptor) for USBD_HS_USR_BOSDescriptor
    usb_device.o(i.MX_USB_DEVICE_Init) refers to usbd_core.o(i.USBD_Init) for USBD_Init
    usb_device.o(i.MX_USB_DEVICE_Init) refers to usbd_core.o(i.USBD_RegisterClass) for USBD_RegisterClass
    usb_device.o(i.MX_USB_DEVICE_Init) refers to usbd_cdc.o(i.USBD_CDC_RegisterInterface) for USBD_CDC_RegisterInterface
    usb_device.o(i.MX_USB_DEVICE_Init) refers to usbd_core.o(i.USBD_Start) for USBD_Start
    usb_device.o(i.MX_USB_DEVICE_Init) refers to usbd_desc.o(.data) for HS_Desc
    usb_device.o(i.MX_USB_DEVICE_Init) refers to usb_device.o(.bss) for .bss
    usb_device.o(i.MX_USB_DEVICE_Init) refers to usbd_cdc.o(.data) for USBD_CDC
    usb_device.o(i.MX_USB_DEVICE_Init) refers to usbd_cdc_if.o(.data) for USBD_Interface_fops_HS
    stm32f7xx_hal_msp.o(i.HAL_MspInit) refers to stm32f7xx_hal_cortex.o(i.HAL_NVIC_SetPriorityGrouping) for HAL_NVIC_SetPriorityGrouping
[...]
    Removing stm32f7xx_hal_rcc.o(i.HAL_RCC_GetPCLK1Freq), (48 bytes).
    Removing stm32f7xx_hal_rcc.o(i.HAL_RCC_GetPCLK2Freq), (48 bytes).
    Removing stm32f7xx_hal_rcc.o(i.HAL_RCC_MCOConfig), (148 bytes).
    Removing stm32f7xx_hal_rcc.o(i.HAL_RCC_NMI_IRQHandler), (28 bytes).
    Removing stm32f7xx_hal_i2c_ex.o(.rev16_text), (4 bytes).
    Removing stm32f7xx_hal_i2c_ex.o(.revsh_text), (4 bytes).
    Removing stm32f7xx_hal_i2c_ex.o(.rrx_text), (6 bytes).
    Removing stm32f7xx_hal_i2c_ex.o(i.HAL_I2CEx_ConfigAnalogFilter), (88 bytes).
    Removing stm32f7xx_hal_i2c_ex.o(i.HAL_I2CEx_ConfigDigitalFilter), (84 bytes).
    Removing stm32f7xx_hal_i2c_ex.o(i.HAL_I2CEx_DisableFastModePlus), (40 bytes).
    Removing stm32f7xx_hal_i2c_ex.o(i.HAL_I2CEx_EnableFastModePlus), (40 bytes).
    Removing stm32f7xx_hal_tim.o(.rev16_text), (4 bytes).
    Removing stm32f7xx_hal_tim.o(.revsh_text), (4 bytes).
    Removing stm32f7xx_hal_tim.o(.rrx_text), (6 bytes).
    Removing stm32f7xx_hal_tim_ex.o(.rev16_text), (4 bytes).
    Removing stm32f7xx_hal_tim_ex.o(.revsh_text), (4 bytes).
    Removing stm32f7xx_hal_tim_ex.o(.rrx_text), (6 bytes).
    Removing stm32f7xx_ll_usb.o(.rev16_text), (4 bytes).
    Removing stm32f7xx_ll_usb.o(.revsh_text), (4 bytes).
    Removing stm32f7xx_ll_usb.o(.rrx_text), (6 bytes).
    Removing stm32f7xx_ll_usb.o(i.USB_ActivateDedicatedEndpoint), (220 bytes).
    Removing stm32f7xx_ll_usb.o(i.USB_ClearInterrupts), (8 bytes).
    Removing stm32f7xx_ll_usb.o(i.USB_DeactivateDedicatedEndpoint), (78 bytes).
    Removing stm32f7xx_ll_usb.o(i.USB_DoPing), (36 bytes).
    Removing stm32f7xx_ll_usb.o(i.USB_DriveVbus), (44 bytes).
    Removing stm32f7xx_ll_usb.o(i.USB_GetCurrentFrame), (8 bytes).
    Removing stm32f7xx_ll_usb.o(i.USB_GetHostSpeed), (14 bytes).
    Removing stm32f7xx_ll_usb.o(i.USB_HC_Halt), (202 bytes).
    Removing stm32f7xx_ll_usb.o(i.USB_HC_Init), (230 bytes).
    Removing stm32f7xx_ll_usb.o(i.USB_HC_ReadInterrupt), (8 bytes).
    Removing stm32f7xx_ll_usb.o(i.USB_HC_StartXfer), (340 bytes).
    Removing stm32f7xx_ll_usb.o(i.USB_HostInit), (196 bytes).
    Removing stm32f7xx_ll_usb.o(i.USB_InitFSLSPClkSel), (56 bytes).
    Removing stm32f7xx_ll_usb.o(i.USB_ResetPort), (50 bytes).
    Removing stm32f7xx_ll_usb.o(i.USB_SetDevSpeed), (14 bytes).
    Removing stm32f7xx_ll_usb.o(i.USB_StopDevice), (64 bytes).
    Removing stm32f7xx_ll_usb.o(i.USB_StopHost), (132 bytes).
    Removing stm32f7xx_ll_usb.o(.data), (8 bytes).
    Removing stm32f7xx_hal_dma_ex.o(.rev16_text), (4 bytes).
    Removing stm32f7xx_hal_dma_ex.o(.revsh_text), (4 bytes).
    Removing stm32f7xx_hal_dma_ex.o(.rrx_text), (6 bytes).
    Removing stm32f7xx_hal_dma_ex.o(i.DMA_MultiBufferSetConfig), (30 bytes).
    Removing stm32f7xx_hal_dma_ex.o(i.HAL_DMAEx_ChangeMemory), (14 bytes).
    Removing stm32f7xx_hal_dma_ex.o(i.HAL_DMAEx_MultiBufferStart), (100 bytes).
    Removing stm32f7xx_hal_dma_ex.o(i.HAL_DMAEx_MultiBufferStart_IT), (2448 bytes).
    Removing system_stm32f7xx.o(.rev16_text), (4 bytes).
    Removing system_stm32f7xx.o(.revsh_text), (4 bytes).
    Removing system_stm32f7xx.o(.rrx_text), (6 bytes).
    Removing system_stm32f7xx.o(i.SystemCoreClockUpdate), (132 bytes).
    Removing system_stm32f7xx.o(.constdata), (8 bytes).
    Removing usbd_core.o(.rev16_text), (4 bytes).
    Removing usbd_core.o(.revsh_text), (4 bytes).
    Removing usbd_core.o(.rrx_text), (6 bytes).
    Removing usbd_core.o(i.USBD_DeInit), (40 bytes).
    Removing usbd_core.o(i.USBD_RunTestMode), (4 bytes).
    Removing usbd_core.o(i.USBD_Stop), (28 bytes).
    Removing usbd_ctlreq.o(.rev16_text), (4 bytes).
    Removing usbd_ctlreq.o(.revsh_text), (4 bytes).
    Removing usbd_ctlreq.o(.rrx_text), (6 bytes).
    Removing usbd_cdc.o(.rev16_text), (4 bytes).
    Removing usbd_cdc.o(.revsh_text), (4 bytes).
    Removing usbd_cdc.o(.rrx_text), (6 bytes).
    Removing usbd_ioreq.o(.rev16_text), (4 bytes).
    Removing usbd_ioreq.o(.revsh_text), (4 bytes).
    Removing usbd_ioreq.o(.rrx_text), (6 bytes).
    Removing usbd_ioreq.o(i.USBD_GetRxCount), (10 bytes).

346 unused section(s) (total 23614 bytes) removed from the image.

==============================================================================

Image Symbol Table

    Local Symbols

    Symbol Name                              Value     Ov Type        Size  Object(Section)

    ../Drivers/STM32F7xx_HAL_Driver/Src/stm32f7xx_hal.c 0x00000000   Number         0  stm32f7xx_hal.o ABSOLUTE
    ../Drivers/STM32F7xx_HAL_Driver/Src/stm32f7xx_hal_cortex.c 0x00000000   Number         0  stm32f7xx_hal_cortex.o ABSOLUTE
    ../Drivers/STM32F7xx_HAL_Driver/Src/stm32f7xx_hal_dma.c 0x00000000   Number         0  stm32f7xx_hal_dma.o ABSOLUTE
    ../Drivers/STM32F7xx_HAL_Driver/Src/stm32f7xx_hal_dma_ex.c 0x00000000   Number         0  stm32f7xx_hal_dma_ex.o ABSOLUTE
    ../Drivers/STM32F7xx_HAL_Driver/Src/stm32f7xx_hal_flash.c 0x00000000   Number         0  stm32f7xx_hal_flash.o ABSOLUTE
    ../Drivers/STM32F7xx_HAL_Driver/Src/stm32f7xx_hal_flash_ex.c 0x00000000   Number         0  stm32f7xx_hal_flash_ex.o ABSOLUTE
    ../Drivers/STM32F7xx_HAL_Driver/Src/stm32f7xx_hal_gpio.c 0x00000000   Number         0  stm32f7xx_hal_gpio.o ABSOLUTE
    ../Drivers/STM32F7xx_HAL_Driver/Src/stm32f7xx_hal_i2c.c 0x00000000   Number         0  stm32f7xx_hal_i2c.o ABSOLUTE
    ../Drivers/STM32F7xx_HAL_Driver/Src/stm32f7xx_hal_i2c_ex.c 0x00000000   Number         0  stm32f7xx_hal_i2c_ex.o ABSOLUTE
    ../Drivers/STM32F7xx_HAL_Driver/Src/stm32f7xx_hal_pcd.c 0x00000000   Number         0  stm32f7xx_hal_pcd.o ABSOLUTE
    ../Drivers/STM32F7xx_HAL_Driver/Src/stm32f7xx_hal_pcd_ex.c 0x00000000   Number         0  stm32f7xx_hal_pcd_ex.o ABSOLUTE
    ../Drivers/STM32F7xx_HAL_Driver/Src/stm32f7xx_hal_pwr.c 0x00000000   Number         0  stm32f7xx_hal_pwr.o ABSOLUTE
    ../Drivers/STM32F7xx_HAL_Driver/Src/stm32f7xx_hal_pwr_ex.c 0x00000000   Number         0  stm32f7xx_hal_pwr_ex.o ABSOLUTE
    ../Drivers/STM32F7xx_HAL_Driver/Src/stm32f7xx_hal_rcc.c 0x00000000   Number         0  stm32f7xx_hal_rcc.o ABSOLUTE
    ../Drivers/STM32F7xx_HAL_Driver/Src/stm32f7xx_hal_rcc_ex.c 0x00000000   Number         0  stm32f7xx_hal_rcc_ex.o ABSOLUTE
    ../Drivers/STM32F7xx_HAL_Driver/Src/stm32f7xx_hal_tim.c 0x00000000   Number         0  stm32f7xx_hal_tim.o ABSOLUTE
    ../Drivers/STM32F7xx_HAL_Driver/Src/stm32f7xx_hal_tim_ex.c 0x00000000   Number         0  stm32f7xx_hal_tim_ex.o ABSOLUTE
    ../Drivers/STM32F7xx_HAL_Driver/Src/stm32f7xx_ll_usb.c 0x00000000   Number         0  stm32f7xx_ll_usb.o ABSOLUTE
    ../Middlewares/ST/STM32_USB_Device_Library/Class/CDC/Src/usbd_cdc.c 0x00000000   Number         0  usbd_cdc.o ABSOLUTE
    ../Middlewares/ST/STM32_USB_Device_Library/Core/Src/usbd_core.c 0x00000000   Number         0  usbd_core.o ABSOLUTE
    ../Middlewares/ST/STM32_USB_Device_Library/Core/Src/usbd_ctlreq.c 0x00000000   Number         0  usbd_ctlreq.o ABSOLUTE
    ../Middlewares/ST/STM32_USB_Device_Library/Core/Src/usbd_ioreq.c 0x00000000   Number         0  usbd_ioreq.o ABSOLUTE
    ../Src/main.c                            0x00000000   Number         0  main.o ABSOLUTE
    ../Src/stm32f7xx_hal_msp.c               0x00000000   Number         0  stm32f7xx_hal_msp.o ABSOLUTE
    ../Src/stm32f7xx_it.c                    0x00000000   Number         0  stm32f7xx_it.o ABSOLUTE
    ../Src/system_stm32f7xx.c                0x00000000   Number         0  system_stm32f7xx.o ABSOLUTE
    ../Src/usb_device.c                      0x00000000   Number         0  usb_device.o ABSOLUTE
    ../Src/usbd_cdc_if.c                     0x00000000   Number         0  usbd_cdc_if.o ABSOLUTE
    ../Src/usbd_conf.c                       0x00000000   Number         0  usbd_conf.o ABSOLUTE
    ../Src/usbd_desc.c                       0x00000000   Number         0  usbd_desc.o ABSOLUTE
    ../clib/../cmprslib/zerorunl2.c          0x00000000   Number         0  __dczerorl2.o ABSOLUTE
    ../clib/microlib/init/entry.s            0x00000000   Number         0  entry10b.o ABSOLUTE
    ../clib/microlib/init/entry.s            0x00000000   Number         0  entry11a.o ABSOLUTE
    ../clib/microlib/init/entry.s            0x00000000   Number         0  entry11b.o ABSOLUTE
    ../clib/microlib/init/entry.s            0x00000000   Number         0  entry.o ABSOLUTE
    ../clib/microlib/init/entry.s            0x00000000   Number         0  entry2.o ABSOLUTE
    ../clib/microlib/init/entry.s            0x00000000   Number         0  entry9b.o ABSOLUTE
    ../clib/microlib/init/entry.s            0x00000000   Number         0  entry8b.o ABSOLUTE
    ../clib/microlib/init/entry.s            0x00000000   Number         0  entry8a.o ABSOLUTE
    ../clib/microlib/init/entry.s            0x00000000   Number         0  entry10a.o ABSOLUTE
    ../clib/microlib/init/entry.s            0x00000000   Number         0  entry7b.o ABSOLUTE
    ../clib/microlib/init/entry.s            0x00000000   Number         0  entry9a.o ABSOLUTE
    ../clib/microlib/init/entry.s            0x00000000   Number         0  entry7a.o ABSOLUTE
    ../clib/microlib/init/entry.s            0x00000000   Number         0  entry5.o ABSOLUTE
    ../clib/microlib/malloc/malloc.c         0x00000000   Number         0  malloc.o ABSOLUTE
    ../clib/microlib/malloc/malloc.c         0x00000000   Number         0  mallocr.o ABSOLUTE
    ../clib/microlib/malloc/malloc.c         0x00000000   Number         0  malloca.o ABSOLUTE
    ../clib/microlib/malloc/malloc.c         0x00000000   Number         0  mallocra.o ABSOLUTE
    ../clib/microlib/malloc/mvars.c          0x00000000   Number         0  mvars.o ABSOLUTE
    ../clib/microlib/string/memcpy.c         0x00000000   Number         0  memcpya.o ABSOLUTE
    ../clib/microlib/string/memcpy.c         0x00000000   Number         0  memcpyb.o ABSOLUTE
    ../clib/microlib/string/strlen.c         0x00000000   Number         0  strlen.o ABSOLUTE
    ..\Drivers\STM32F7xx_HAL_Driver\Src\stm32f7xx_hal.c 0x00000000   Number         0  stm32f7xx_hal.o ABSOLUTE
    ..\Drivers\STM32F7xx_HAL_Driver\Src\stm32f7xx_hal_cortex.c 0x00000000   Number         0  stm32f7xx_hal_cortex.o ABSOLUTE
    ..\Drivers\STM32F7xx_HAL_Driver\Src\stm32f7xx_hal_dma.c 0x00000000   Number         0  stm32f7xx_hal_dma.o ABSOLUTE
    ..\Drivers\STM32F7xx_HAL_Driver\Src\stm32f7xx_hal_dma_ex.c 0x00000000   Number         0  stm32f7xx_hal_dma_ex.o ABSOLUTE
    ..\Drivers\STM32F7xx_HAL_Driver\Src\stm32f7xx_hal_flash.c 0x00000000   Number         0  stm32f7xx_hal_flash.o ABSOLUTE
    ..\Drivers\STM32F7xx_HAL_Driver\Src\stm32f7xx_hal_flash_ex.c 0x00000000   Number         0  stm32f7xx_hal_flash_ex.o ABSOLUTE
    ..\Drivers\STM32F7xx_HAL_Driver\Src\stm32f7xx_hal_gpio.c 0x00000000   Number         0  stm32f7xx_hal_gpio.o ABSOLUTE
    ..\Drivers\STM32F7xx_HAL_Driver\Src\stm32f7xx_hal_i2c.c 0x00000000   Number         0  stm32f7xx_hal_i2c.o ABSOLUTE
    ..\Drivers\STM32F7xx_HAL_Driver\Src\stm32f7xx_hal_i2c_ex.c 0x00000000   Number         0  stm32f7xx_hal_i2c_ex.o ABSOLUTE
    ..\Drivers\STM32F7xx_HAL_Driver\Src\stm32f7xx_hal_pcd.c 0x00000000   Number         0  stm32f7xx_hal_pcd.o ABSOLUTE
    ..\Drivers\STM32F7xx_HAL_Driver\Src\stm32f7xx_hal_pcd_ex.c 0x00000000   Number         0  stm32f7xx_hal_pcd_ex.o ABSOLUTE
    ..\Drivers\STM32F7xx_HAL_Driver\Src\stm32f7xx_hal_pwr.c 0x00000000   Number         0  stm32f7xx_hal_pwr.o ABSOLUTE
    ..\Drivers\STM32F7xx_HAL_Driver\Src\stm32f7xx_hal_pwr_ex.c 0x00000000   Number         0  stm32f7xx_hal_pwr_ex.o ABSOLUTE
    ..\Drivers\STM32F7xx_HAL_Driver\Src\stm32f7xx_hal_rcc.c 0x00000000   Number         0  stm32f7xx_hal_rcc.o ABSOLUTE
    ..\Drivers\STM32F7xx_HAL_Driver\Src\stm32f7xx_hal_rcc_ex.c 0x00000000   Number         0  stm32f7xx_hal_rcc_ex.o ABSOLUTE
    ..\Drivers\STM32F7xx_HAL_Driver\Src\stm32f7xx_hal_tim.c 0x00000000   Number         0  stm32f7xx_hal_tim.o ABSOLUTE
    ..\Drivers\STM32F7xx_HAL_Driver\Src\stm32f7xx_hal_tim_ex.c 0x00000000   Number         0  stm32f7xx_hal_tim_ex.o ABSOLUTE
    ..\Drivers\STM32F7xx_HAL_Driver\Src\stm32f7xx_ll_usb.c 0x00000000   Number         0  stm32f7xx_ll_usb.o ABSOLUTE
    ..\Middlewares\ST\STM32_USB_Device_Library\Class\CDC\Src\usbd_cdc.c 0x00000000   Number         0  usbd_cdc.o ABSOLUTE
    ..\Middlewares\ST\STM32_USB_Device_Library\Core\Src\usbd_core.c 0x00000000   Number         0  usbd_core.o ABSOLUTE
    ..\Middlewares\ST\STM32_USB_Device_Library\Core\Src\usbd_ctlreq.c 0x00000000   Number         0  usbd_ctlreq.o ABSOLUTE
    ..\Middlewares\ST\STM32_USB_Device_Library\Core\Src\usbd_ioreq.c 0x00000000   Number         0  usbd_ioreq.o ABSOLUTE
    ..\Src\main.c                            0x00000000   Number         0  main.o ABSOLUTE
    ..\Src\stm32f7xx_hal_msp.c               0x00000000   Number         0  stm32f7xx_hal_msp.o ABSOLUTE
    ..\Src\stm32f7xx_it.c                    0x00000000   Number         0  stm32f7xx_it.o ABSOLUTE
    ..\Src\system_stm32f7xx.c                0x00000000   Number         0  system_stm32f7xx.o ABSOLUTE
    ..\Src\usb_device.c                      0x00000000   Number         0  usb_device.o ABSOLUTE
    ..\Src\usbd_cdc_if.c                     0x00000000   Number         0  usbd_cdc_if.o ABSOLUTE
    ..\Src\usbd_conf.c                       0x00000000   Number         0  usbd_conf.o ABSOLUTE
    ..\Src\usbd_desc.c                       0x00000000   Number         0  usbd_desc.o ABSOLUTE
    dc.s                                     0x00000000   Number         0  dc.o ABSOLUTE
    handlers.s                               0x00000000   Number         0  handlers.o ABSOLUTE
    init.s                                   0x00000000   Number         0  init.o ABSOLUTE
    startup_stm32f769xx.s                    0x00000000   Number         0  startup_stm32f769xx.o ABSOLUTE
    RESET                                    0x08000000   Section      504  startup_stm32f769xx.o(RESET)
    .ARM.Collect$$$$00000000                 0x080001f8   Section        0  entry.o(.ARM.Collect$$$$00000000)
    .ARM.Collect$$$$00000001                 0x080001f8   Section        4  entry2.o(.ARM.Collect$$$$00000001)
    .ARM.Collect$$$$00000004                 0x080001fc   Section        4  entry5.o(.ARM.Collect$$$$00000004)
    .ARM.Collect$$$$00000008                 0x08000200   Section        0  entry7b.o(.ARM.Collect$$$$00000008)
    .ARM.Collect$$$$0000000A                 0x08000200   Section        0  entry8b.o(.ARM.Collect$$$$0000000A)
    .ARM.Collect$$$$0000000B                 0x08000200   Section        8  entry9a.o(.ARM.Collect$$$$0000000B)
    .ARM.Collect$$$$0000000D                 0x08000208   Section        0  entry10a.o(.ARM.Collect$$$$0000000D)
    .ARM.Collect$$$$0000000F                 0x08000208   Section        0  entry11a.o(.ARM.Collect$$$$0000000F)
    .ARM.Collect$$$$00002712                 0x08000208   Section        4  entry2.o(.ARM.Collect$$$$00002712)
    __lit__00000000                          0x08000208   Data           4  entry2.o(.ARM.Collect$$$$00002712)
    .text                                    0x0800020c   Section       36  startup_stm32f769xx.o(.text)
    $v0                                      0x0800020c   Number         0  startup_stm32f769xx.o(.text)
    .text                                    0x08000230   Section        0  memcpya.o(.text)
    .text                                    0x08000254   Section        0  strlen.o(.text)
    .text                                    0x08000264   Section       36  init.o(.text)
    .text                                    0x08000288   Section        0  __dczerorl2.o(.text)
    i.CDC_Control_HS                         0x080002de   Section        0  usbd_cdc_if.o(i.CDC_Control_HS)
    CDC_Control_HS                           0x080002df   Thumb Code     4  usbd_cdc_if.o(i.CDC_Control_HS)
    i.CDC_DeInit_HS                          0x080002e2   Section        0  usbd_cdc_if.o(i.CDC_DeInit_HS)
    CDC_DeInit_HS                            0x080002e3   Thumb Code     4  usbd_cdc_if.o(i.CDC_DeInit_HS)
    i.CDC_Init_HS                            0x080002e8   Section        0  usbd_cdc_if.o(i.CDC_Init_HS)
    CDC_Init_HS                              0x080002e9   Thumb Code    26  usbd_cdc_if.o(i.CDC_Init_HS)
    i.CDC_Receive_HS                         0x0800030c   Section        0  usbd_cdc_if.o(i.CDC_Receive_HS)
    CDC_Receive_HS                           0x0800030d   Thumb Code    20  usbd_cdc_if.o(i.CDC_Receive_HS)
    i.CDC_Transmit_HS                        0x08000324   Section        0  usbd_cdc_if.o(i.CDC_Transmit_HS)
    i.Error_Handler                          0x08000350   Section        0  main.o(i.Error_Handler)
    i.HAL_Delay                              0x08000352   Section        0  stm32f7xx_hal.o(i.HAL_Delay)
    i.HAL_GPIO_Init                          0x08000368   Section        0  stm32f7xx_hal_gpio.o(i.HAL_GPIO_Init)
    i.HAL_GetTick                            0x08000540   Section        0  stm32f7xx_hal.o(i.HAL_GetTick)
    i.HAL_IncTick                            0x0800054c   Section        0  stm32f7xx_hal.o(i.HAL_IncTick)
    i.HAL_Init                               0x0800055c   Section        0  stm32f7xx_hal.o(i.HAL_Init)
    i.HAL_InitTick                           0x08000574   Section        0  stm32f7xx_hal.o(i.HAL_InitTick)
    i.HAL_MspInit                            0x0800059c   Section        0  stm32f7xx_hal_msp.o(i.HAL_MspInit)
    i.HAL_NVIC_EnableIRQ                     0x080005f4   Section        0  stm32f7xx_hal_cortex.o(i.HAL_NVIC_EnableIRQ)
    i.HAL_NVIC_SetPriority                   0x0800060c   Section        0  stm32f7xx_hal_cortex.o(i.HAL_NVIC_SetPriority)
    i.HAL_NVIC_SetPriorityGrouping           0x0800064c   Section        0  stm32f7xx_hal_cortex.o(i.HAL_NVIC_SetPriorityGrouping)
    i.HAL_PCDEx_ActivateLPM                  0x08000670   Section        0  stm32f7xx_hal_pcd_ex.o(i.HAL_PCDEx_ActivateLPM)
    i.HAL_PCDEx_LPM_Callback                 0x08000698   Section        0  usbd_conf.o(i.HAL_PCDEx_LPM_Callback)
    i.HAL_PCDEx_SetRxFiFo                    0x080006f8   Section        0  stm32f7xx_hal_pcd_ex.o(i.HAL_PCDEx_SetRxFiFo)
    i.HAL_PCDEx_SetTxFiFo                    0x08000700   Section        0  stm32f7xx_hal_pcd_ex.o(i.HAL_PCDEx_SetTxFiFo)
    i.HAL_PCD_ConnectCallback                0x08000748   Section        0  usbd_conf.o(i.HAL_PCD_ConnectCallback)
    i.HAL_PCD_DataInStageCallback            0x08000750   Section        0  usbd_conf.o(i.HAL_PCD_DataInStageCallback)
    i.HAL_PCD_DataOutStageCallback           0x08000762   Section        0  usbd_conf.o(i.HAL_PCD_DataOutStageCallback)
    i.HAL_PCD_DisconnectCallback             0x08000776   Section        0  usbd_conf.o(i.HAL_PCD_DisconnectCallback)
    i.HAL_PCD_EP_Close                       0x0800077e   Section        0  stm32f7xx_hal_pcd.o(i.HAL_PCD_EP_Close)
    i.HAL_PCD_EP_ClrStall                    0x080007c2   Section        0  stm32f7xx_hal_pcd.o(i.HAL_PCD_EP_ClrStall)
    i.HAL_PCD_EP_GetRxCount                  0x08000812   Section        0  stm32f7xx_hal_pcd.o(i.HAL_PCD_EP_GetRxCount)
    i.HAL_PCD_EP_Open                        0x08000826   Section        0  stm32f7xx_hal_pcd.o(i.HAL_PCD_EP_Open)
    i.HAL_PCD_EP_Receive                     0x0800087c   Section        0  stm32f7xx_hal_pcd.o(i.HAL_PCD_EP_Receive)
    i.HAL_PCD_EP_SetStall                    0x080008c0   Section        0  stm32f7xx_hal_pcd.o(i.HAL_PCD_EP_SetStall)
    i.HAL_PCD_EP_Transmit                    0x08000920   Section        0  stm32f7xx_hal_pcd.o(i.HAL_PCD_EP_Transmit)
    i.HAL_PCD_IRQHandler                     0x08000964   Section        0  stm32f7xx_hal_pcd.o(i.HAL_PCD_IRQHandler)
    i.HAL_PCD_ISOINIncompleteCallback        0x08000ea0   Section        0  usbd_conf.o(i.HAL_PCD_ISOINIncompleteCallback)
    i.HAL_PCD_ISOOUTIncompleteCallback       0x08000ea8   Section        0  usbd_conf.o(i.HAL_PCD_ISOOUTIncompleteCallback)
    i.HAL_PCD_Init                           0x08000eb0   Section        0  stm32f7xx_hal_pcd.o(i.HAL_PCD_Init)
    i.HAL_PCD_MspInit                        0x08000f80   Section        0  usbd_conf.o(i.HAL_PCD_MspInit)
    i.HAL_PCD_ResetCallback                  0x08001030   Section        0  usbd_conf.o(i.HAL_PCD_ResetCallback)
    i.HAL_PCD_ResumeCallback                 0x08001050   Section        0  usbd_conf.o(i.HAL_PCD_ResumeCallback)
    i.HAL_PCD_SOFCallback                    0x08001058   Section        0  usbd_conf.o(i.HAL_PCD_SOFCallback)
    i.HAL_PCD_SetAddress                     0x08001060   Section        0  stm32f7xx_hal_pcd.o(i.HAL_PCD_SetAddress)
    i.HAL_PCD_SetupStageCallback             0x08001084   Section        0  usbd_conf.o(i.HAL_PCD_SetupStageCallback)
    i.HAL_PCD_Start                          0x08001092   Section        0  stm32f7xx_hal_pcd.o(i.HAL_PCD_Start)
    i.HAL_PCD_SuspendCallback                0x080010bc   Section        0  usbd_conf.o(i.HAL_PCD_SuspendCallback)
    i.HAL_RCC_ClockConfig                    0x080010ec   Section        0  stm32f7xx_hal_rcc.o(i.HAL_RCC_ClockConfig)
    i.HAL_RCC_GetHCLKFreq                    0x08001250   Section        0  stm32f7xx_hal_rcc.o(i.HAL_RCC_GetHCLKFreq)
    i.HAL_RCC_GetSysClockFreq                0x0800125c   Section        0  stm32f7xx_hal_rcc.o(i.HAL_RCC_GetSysClockFreq)
    i.HAL_RCC_OscConfig                      0x080012e0   Section        0  stm32f7xx_hal_rcc.o(i.HAL_RCC_OscConfig)
    i.HAL_SYSTICK_CLKSourceConfig            0x08001650   Section        0  stm32f7xx_hal_cortex.o(i.HAL_SYSTICK_CLKSourceConfig)
    i.HAL_SYSTICK_Callback                   0x08001668   Section        0  stm32f7xx_hal_cortex.o(i.HAL_SYSTICK_Callback)
    i.HAL_SYSTICK_Config                     0x0800166a   Section        0  stm32f7xx_hal_cortex.o(i.HAL_SYSTICK_Config)
    i.HAL_SYSTICK_IRQHandler                 0x08001690   Section        0  stm32f7xx_hal_cortex.o(i.HAL_SYSTICK_IRQHandler)
    i.MX_GPIO_Init                           0x08001698   Section        0  main.o(i.MX_GPIO_Init)
    MX_GPIO_Init                             0x08001699   Thumb Code  1236  main.o(i.MX_GPIO_Init)
    i.MX_USB_DEVICE_Init                     0x08001b80   Section        0  usb_device.o(i.MX_USB_DEVICE_Init)
    i.NVIC_SetPriority                       0x08001bb8   Section        0  stm32f7xx_hal_cortex.o(i.NVIC_SetPriority)
    NVIC_SetPriority                         0x08001bb9   Thumb Code    34  stm32f7xx_hal_cortex.o(i.NVIC_SetPriority)
    i.OTG_HS_IRQHandler                      0x08001bdc   Section        0  stm32f7xx_it.o(i.OTG_HS_IRQHandler)
    i.PCD_WriteEmptyTxFifo                   0x08001be8   Section        0  stm32f7xx_hal_pcd.o(i.PCD_WriteEmptyTxFifo)
    PCD_WriteEmptyTxFifo                     0x08001be9   Thumb Code   150  stm32f7xx_hal_pcd.o(i.PCD_WriteEmptyTxFifo)
    i.SysTick_Handler                        0x08001c7e   Section        0  stm32f7xx_it.o(i.SysTick_Handler)
    i.SystemClock_Config                     0x08001c8c   Section        0  main.o(i.SystemClock_Config)
    i.SystemInit                             0x08001d2c   Section        0  system_stm32f7xx.o(i.SystemInit)
    i.USBD_CDC_DataIn                        0x08001d80   Section        0  usbd_cdc.o(i.USBD_CDC_DataIn)
    USBD_CDC_DataIn                          0x08001d81   Thumb Code    20  usbd_cdc.o(i.USBD_CDC_DataIn)
    i.USBD_CDC_DataOut                       0x08001d94   Section        0  usbd_cdc.o(i.USBD_CDC_DataOut)
    USBD_CDC_DataOut                         0x08001d95   Thumb Code    46  usbd_cdc.o(i.USBD_CDC_DataOut)
    i.USBD_CDC_DeInit                        0x08001dc2   Section        0  usbd_cdc.o(i.USBD_CDC_DeInit)
    USBD_CDC_DeInit                          0x08001dc3   Thumb Code    60  usbd_cdc.o(i.USBD_CDC_DeInit)
    i.USBD_CDC_EP0_RxReady                   0x08001dfe   Section        0  usbd_cdc.o(i.USBD_CDC_EP0_RxReady)
    USBD_CDC_EP0_RxReady                     0x08001dff   Thumb Code    36  usbd_cdc.o(i.USBD_CDC_EP0_RxReady)
    i.USBD_CDC_GetDeviceQualifierDescriptor  0x08001e24   Section        0  usbd_cdc.o(i.USBD_CDC_GetDeviceQualifierDescriptor)
    i.USBD_CDC_GetFSCfgDesc                  0x08001e30   Section        0  usbd_cdc.o(i.USBD_CDC_GetFSCfgDesc)
    USBD_CDC_GetFSCfgDesc                    0x08001e31   Thumb Code     8  usbd_cdc.o(i.USBD_CDC_GetFSCfgDesc)
    i.USBD_CDC_GetHSCfgDesc                  0x08001e3c   Section        0  usbd_cdc.o(i.USBD_CDC_GetHSCfgDesc)
    USBD_CDC_GetHSCfgDesc                    0x08001e3d   Thumb Code     8  usbd_cdc.o(i.USBD_CDC_GetHSCfgDesc)
    i.USBD_CDC_GetOtherSpeedCfgDesc          0x08001e48   Section        0  usbd_cdc.o(i.USBD_CDC_GetOtherSpeedCfgDesc)
    USBD_CDC_GetOtherSpeedCfgDesc            0x08001e49   Thumb Code     8  usbd_cdc.o(i.USBD_CDC_GetOtherSpeedCfgDesc)
    i.USBD_CDC_Init                          0x08001e54   Section        0  usbd_cdc.o(i.USBD_CDC_Init)
    USBD_CDC_Init                            0x08001e55   Thumb Code   136  usbd_cdc.o(i.USBD_CDC_Init)
    i.USBD_CDC_ReceivePacket                 0x08001edc   Section        0  usbd_cdc.o(i.USBD_CDC_ReceivePacket)
    i.USBD_CDC_RegisterInterface             0x08001f04   Section        0  usbd_cdc.o(i.USBD_CDC_RegisterInterface)
    i.USBD_CDC_SetRxBuffer                   0x08001f18   Section        0  usbd_cdc.o(i.USBD_CDC_SetRxBuffer)
    i.USBD_CDC_SetTxBuffer                   0x08001f24   Section        0  usbd_cdc.o(i.USBD_CDC_SetTxBuffer)
    i.USBD_CDC_Setup                         0x08001f34   Section        0  usbd_cdc.o(i.USBD_CDC_Setup)
    USBD_CDC_Setup                           0x08001f35   Thumb Code   108  usbd_cdc.o(i.USBD_CDC_Setup)
    i.USBD_CDC_TransmitPacket                0x08001fa4   Section        0  usbd_cdc.o(i.USBD_CDC_TransmitPacket)
    i.USBD_ClrClassConfig                    0x08001fd4   Section        0  usbd_core.o(i.USBD_ClrClassConfig)
    i.USBD_CtlContinueRx                     0x08001fe2   Section        0  usbd_ioreq.o(i.USBD_CtlContinueRx)
    i.USBD_CtlContinueSendData               0x08001ff2   Section        0  usbd_ioreq.o(i.USBD_CtlContinueSendData)
    i.USBD_CtlError                          0x08002002   Section        0  usbd_ctlreq.o(i.USBD_CtlError)
    i.USBD_CtlPrepareRx                      0x08002018   Section        0  usbd_ioreq.o(i.USBD_CtlPrepareRx)
    i.USBD_CtlReceiveStatus                  0x08002036   Section        0  usbd_ioreq.o(i.USBD_CtlReceiveStatus)
    i.USBD_CtlSendData                       0x0800204c   Section        0  usbd_ioreq.o(i.USBD_CtlSendData)
    i.USBD_CtlSendStatus                     0x08002066   Section        0  usbd_ioreq.o(i.USBD_CtlSendStatus)
    i.USBD_GetDescriptor                     0x0800207c   Section        0  usbd_ctlreq.o(i.USBD_GetDescriptor)
    USBD_GetDescriptor                       0x0800207d   Thumb Code   246  usbd_ctlreq.o(i.USBD_GetDescriptor)
    i.USBD_GetString                         0x08002172   Section        0  usbd_ctlreq.o(i.USBD_GetString)
    i.USBD_HS_ConfigStrDescriptor            0x080021bc   Section        0  usbd_desc.o(i.USBD_HS_ConfigStrDescriptor)
    i.USBD_HS_DeviceDescriptor               0x080021dc   Section        0  usbd_desc.o(i.USBD_HS_DeviceDescriptor)
    i.USBD_HS_InterfaceStrDescriptor         0x080021e8   Section        0  usbd_desc.o(i.USBD_HS_InterfaceStrDescriptor)
    i.USBD_HS_LangIDStrDescriptor            0x0800220c   Section        0  usbd_desc.o(i.USBD_HS_LangIDStrDescriptor)
    i.USBD_HS_ManufacturerStrDescriptor      0x08002218   Section        0  usbd_desc.o(i.USBD_HS_ManufacturerStrDescriptor)
    i.USBD_HS_ProductStrDescriptor           0x08002240   Section        0  usbd_desc.o(i.USBD_HS_ProductStrDescriptor)
    i.USBD_HS_SerialStrDescriptor            0x0800226c   Section        0  usbd_desc.o(i.USBD_HS_SerialStrDescriptor)
    i.USBD_HS_USR_BOSDescriptor              0x08002290   Section        0  usbd_desc.o(i.USBD_HS_USR_BOSDescriptor)
    i.USBD_Init                              0x0800229c   Section        0  usbd_core.o(i.USBD_Init)
    i.USBD_LL_ClearStallEP                   0x080022c6   Section        0  usbd_conf.o(i.USBD_LL_ClearStallEP)
    i.USBD_LL_CloseEP                        0x080022e6   Section        0  usbd_conf.o(i.USBD_LL_CloseEP)
    i.USBD_LL_DataInStage                    0x08002306   Section        0  usbd_core.o(i.USBD_LL_DataInStage)
    i.USBD_LL_DataOutStage                   0x080023b0   Section        0  usbd_core.o(i.USBD_LL_DataOutStage)
    i.USBD_LL_DevConnected                   0x0800241a   Section        0  usbd_core.o(i.USBD_LL_DevConnected)
    i.USBD_LL_DevDisconnected                0x0800241e   Section        0  usbd_core.o(i.USBD_LL_DevDisconnected)
    i.USBD_LL_GetRxDataSize                  0x08002434   Section        0  usbd_conf.o(i.USBD_LL_GetRxDataSize)
    i.USBD_LL_Init                           0x0800243c   Section        0  usbd_conf.o(i.USBD_LL_Init)
    i.USBD_LL_IsStallEP                      0x080024a4   Section        0  usbd_conf.o(i.USBD_LL_IsStallEP)
    i.USBD_LL_IsoINIncomplete                0x080024c4   Section        0  usbd_core.o(i.USBD_LL_IsoINIncomplete)
    i.USBD_LL_IsoOUTIncomplete               0x080024c8   Section        0  usbd_core.o(i.USBD_LL_IsoOUTIncomplete)
    i.USBD_LL_OpenEP                         0x080024cc   Section        0  usbd_conf.o(i.USBD_LL_OpenEP)
    i.USBD_LL_PrepareReceive                 0x080024f2   Section        0  usbd_conf.o(i.USBD_LL_PrepareReceive)
    i.USBD_LL_Reset                          0x08002512   Section        0  usbd_core.o(i.USBD_LL_Reset)
    i.USBD_LL_Resume                         0x08002552   Section        0  usbd_core.o(i.USBD_LL_Resume)
    i.USBD_LL_SOF                            0x0800255e   Section        0  usbd_core.o(i.USBD_LL_SOF)
    i.USBD_LL_SetSpeed                       0x08002576   Section        0  usbd_core.o(i.USBD_LL_SetSpeed)
    i.USBD_LL_SetUSBAddress                  0x0800257c   Section        0  usbd_conf.o(i.USBD_LL_SetUSBAddress)
    i.USBD_LL_SetupStage                     0x0800259c   Section        0  usbd_core.o(i.USBD_LL_SetupStage)
    i.USBD_LL_StallEP                        0x080025f2   Section        0  usbd_conf.o(i.USBD_LL_StallEP)
    i.USBD_LL_Start                          0x08002612   Section        0  usbd_conf.o(i.USBD_LL_Start)
    i.USBD_LL_Suspend                        0x08002632   Section        0  usbd_core.o(i.USBD_LL_Suspend)
    i.USBD_LL_Transmit                       0x08002644   Section        0  usbd_conf.o(i.USBD_LL_Transmit)
    i.USBD_ParseSetupRequest                 0x08002664   Section        0  usbd_ctlreq.o(i.USBD_ParseSetupRequest)
    i.USBD_RegisterClass                     0x0800268c   Section        0  usbd_core.o(i.USBD_RegisterClass)
    i.USBD_SetClassConfig                    0x0800269e   Section        0  usbd_core.o(i.USBD_SetClassConfig)
    i.USBD_SetConfig                         0x080026b4   Section        0  usbd_ctlreq.o(i.USBD_SetConfig)
    USBD_SetConfig                           0x080026b5   Thumb Code   112  usbd_ctlreq.o(i.USBD_SetConfig)
    i.USBD_Start                             0x08002728   Section        0  usbd_core.o(i.USBD_Start)
    i.USBD_StdDevReq                         0x08002732   Section        0  usbd_ctlreq.o(i.USBD_StdDevReq)
    i.USBD_StdEPReq                          0x08002824   Section        0  usbd_ctlreq.o(i.USBD_StdEPReq)
    i.USBD_StdItfReq                         0x08002902   Section        0  usbd_ctlreq.o(i.USBD_StdItfReq)
    i.USB_ActivateEndpoint                   0x08002938   Section        0  stm32f7xx_ll_usb.o(i.USB_ActivateEndpoint)
    i.USB_ActivateSetup                      0x080029b8   Section        0  stm32f7xx_ll_usb.o(i.USB_ActivateSetup)
    i.USB_CoreInit                           0x080029ec   Section        0  stm32f7xx_ll_usb.o(i.USB_CoreInit)
    i.USB_CoreReset                          0x08002a5c   Section        0  stm32f7xx_ll_usb.o(i.USB_CoreReset)
    USB_CoreReset                            0x08002a5d   Thumb Code    50  stm32f7xx_ll_usb.o(i.USB_CoreReset)
    i.USB_DeactivateEndpoint                 0x08002a94   Section        0  stm32f7xx_ll_usb.o(i.USB_DeactivateEndpoint)
    i.USB_DevConnect                         0x08002b02   Section        0  stm32f7xx_ll_usb.o(i.USB_DevConnect)
    i.USB_DevDisconnect                      0x08002b1a   Section        0  stm32f7xx_ll_usb.o(i.USB_DevDisconnect)
    i.USB_DevInit                            0x08002b34   Section        0  stm32f7xx_ll_usb.o(i.USB_DevInit)
    i.USB_DisableGlobalInt                   0x08002c9c   Section        0  stm32f7xx_ll_usb.o(i.USB_DisableGlobalInt)
    i.USB_EP0StartXfer                       0x08002ca8   Section        0  stm32f7xx_ll_usb.o(i.USB_EP0StartXfer)
    i.USB_EP0_OutStart                       0x08002de8   Section        0  stm32f7xx_ll_usb.o(i.USB_EP0_OutStart)
    i.USB_EPClearStall                       0x08002e26   Section        0  stm32f7xx_ll_usb.o(i.USB_EPClearStall)
    i.USB_EPSetStall                         0x08002e8a   Section        0  stm32f7xx_ll_usb.o(i.USB_EPSetStall)
    i.USB_EPStartXfer                        0x08002ee8   Section        0  stm32f7xx_ll_usb.o(i.USB_EPStartXfer)
    i.USB_EnableGlobalInt                    0x08003104   Section        0  stm32f7xx_ll_usb.o(i.USB_EnableGlobalInt)
    i.USB_FlushRxFifo                        0x08003110   Section        0  stm32f7xx_ll_usb.o(i.USB_FlushRxFifo)
    i.USB_FlushTxFifo                        0x08003130   Section        0  stm32f7xx_ll_usb.o(i.USB_FlushTxFifo)
    i.USB_GetDevSpeed                        0x08003154   Section        0  stm32f7xx_ll_usb.o(i.USB_GetDevSpeed)
    i.USB_GetMode                            0x08003192   Section        0  stm32f7xx_ll_usb.o(i.USB_GetMode)
    i.USB_ReadDevAllInEpInterrupt            0x0800319a   Section        0  stm32f7xx_ll_usb.o(i.USB_ReadDevAllInEpInterrupt)
    i.USB_ReadDevAllOutEpInterrupt           0x080031a8   Section        0  stm32f7xx_ll_usb.o(i.USB_ReadDevAllOutEpInterrupt)
    i.USB_ReadDevInEPInterrupt               0x080031b6   Section        0  stm32f7xx_ll_usb.o(i.USB_ReadDevInEPInterrupt)
    i.USB_ReadDevOutEPInterrupt              0x080031d6   Section        0  stm32f7xx_ll_usb.o(i.USB_ReadDevOutEPInterrupt)
    i.USB_ReadInterrupts                     0x080031e6   Section        0  stm32f7xx_ll_usb.o(i.USB_ReadInterrupts)
    i.USB_ReadPacket                         0x080031ee   Section        0  stm32f7xx_ll_usb.o(i.USB_ReadPacket)
    i.USB_SetCurrentMode                     0x0800320c   Section        0  stm32f7xx_ll_usb.o(i.USB_SetCurrentMode)
    i.USB_SetDevAddress                      0x08003238   Section        0  stm32f7xx_ll_usb.o(i.USB_SetDevAddress)
    i.USB_WritePacket                        0x0800325c   Section        0  stm32f7xx_ll_usb.o(i.USB_WritePacket)
    i.__scatterload_copy                     0x08003288   Section       14  handlers.o(i.__scatterload_copy)
    i.__scatterload_null                     0x08003296   Section        2  handlers.o(i.__scatterload_null)
    i.__scatterload_zeroinit                 0x08003298   Section       14  handlers.o(i.__scatterload_zeroinit)
    i.free                                   0x080032a8   Section        0  malloc.o(i.free)
    i.main                                   0x080032f8   Section        0  main.o(i.main)
    i.malloc                                 0x08003334   Section        0  malloc.o(i.malloc)
    .constdata                               0x080033a0   Section       16  system_stm32f7xx.o(.constdata)
    .data                                    0x20000000   Section       16  usbd_cdc_if.o(.data)
    .data                                    0x20000010   Section        8  usbd_cdc_if.o(.data)
    .data                                    0x20000018   Section       32  usbd_desc.o(.data)
    .data                                    0x20000038   Section       36  usbd_desc.o(.data)
    .data                                    0x2000005c   Section        4  stm32f7xx_hal.o(.data)
    .data                                    0x20000060   Section        4  system_stm32f7xx.o(.data)
    .data                                    0x20000064   Section        1  usbd_ctlreq.o(.data)
    cfgidx                                   0x20000064   Data           1  usbd_ctlreq.o(.data)
    .data                                    0x20000068   Section      219  usbd_cdc.o(.data)
    ifalt                                    0x20000068   Data           1  usbd_cdc.o(.data)
    USBD_CDC_DeviceQualifierDesc             0x2000006c   Data          10  usbd_cdc.o(.data)
    .data                                    0x20000144   Section       56  usbd_cdc.o(.data)
    .data                                    0x2000017c   Section        4  mvars.o(.data)
    .data                                    0x20000180   Section        4  mvars.o(.data)
    .bss                                     0x20000184   Section      512  usbd_desc.o(.bss)
    .bss                                     0x20000384   Section      548  usb_device.o(.bss)
    .bss                                     0x200005a8   Section     1024  usbd_conf.o(.bss)
    HEAP                                     0x200009a8   Section     8192  startup_stm32f769xx.o(HEAP)
    STACK                                    0x200029a8   Section    16384  startup_stm32f769xx.o(STACK)

    Global Symbols

    Symbol Name                              Value     Ov Type        Size  Object(Section)

    BuildAttributes$$THM_ISAv4$E$P$D$K$B$S$7EM$VFPv5_D16$PE$PLD8$A:L22UL41UL21$X:L11$S22US41US21$IEEE1$IW$USESV6$~STKCKD$USESV7$~SHL$OSPACE$EBA8$MICROLIB$REQ8$PRES8$EABIv2 0x00000000   Number         0  anon$$obj.o ABSOLUTE
    __ARM_use_no_argv                        0x00000000   Number         0  main.o ABSOLUTE
    __cpp_initialize__aeabi_                  - Undefined Weak Reference
    __cxa_finalize                            - Undefined Weak Reference
    _clock_init                               - Undefined Weak Reference
    _microlib_exit                            - Undefined Weak Reference
    __Vectors_Size                           0x000001f8   Number         0  startup_stm32f769xx.o ABSOLUTE
    __Vectors                                0x08000000   Data           4  startup_stm32f769xx.o(RESET)
    __Vectors_End                            0x080001f8   Data           0  startup_stm32f769xx.o(RESET)
    __main                                   0x080001f9   Thumb Code     0  entry.o(.ARM.Collect$$$$00000000)
    _main_stk                                0x080001f9   Thumb Code     0  entry2.o(.ARM.Collect$$$$00000001)
    _main_scatterload                        0x080001fd   Thumb Code     0  entry5.o(.ARM.Collect$$$$00000004)
    __main_after_scatterload                 0x08000201   Thumb Code     0  entry5.o(.ARM.Collect$$$$00000004)
    _main_clock                              0x08000201   Thumb Code     0  entry7b.o(.ARM.Collect$$$$00000008)
    _main_cpp_init                           0x08000201   Thumb Code     0  entry8b.o(.ARM.Collect$$$$0000000A)
    _main_init                               0x08000201   Thumb Code     0  entry9a.o(.ARM.Collect$$$$0000000B)
    __rt_final_cpp                           0x08000209   Thumb Code     0  entry10a.o(.ARM.Collect$$$$0000000D)
    __rt_final_exit                          0x08000209   Thumb Code     0  entry11a.o(.ARM.Collect$$$$0000000F)
    Reset_Handler                            0x0800020d   Thumb Code     8  startup_stm32f769xx.o(.text)
    NMI_Handler                              0x08000215   Thumb Code     2  startup_stm32f769xx.o(.text)
    HardFault_Handler                        0x08000217   Thumb Code     2  startup_stm32f769xx.o(.text)
    MemManage_Handler                        0x08000219   Thumb Code     2  startup_stm32f769xx.o(.text)
    BusFault_Handler                         0x0800021b   Thumb Code     2  startup_stm32f769xx.o(.text)
    UsageFault_Handler                       0x0800021d   Thumb Code     2  startup_stm32f769xx.o(.text)
    SVC_Handler                              0x0800021f   Thumb Code     2  startup_stm32f769xx.o(.text)
    DebugMon_Handler                         0x08000221   Thumb Code     2  startup_stm32f769xx.o(.text)
    PendSV_Handler                           0x08000223   Thumb Code     2  startup_stm32f769xx.o(.text)
    ADC_IRQHandler                           0x08000227   Thumb Code     0  startup_stm32f769xx.o(.text)
    CAN1_RX0_IRQHandler                      0x08000227   Thumb Code     0  startup_stm32f769xx.o(.text)
    CAN1_RX1_IRQHandler                      0x08000227   Thumb Code     0  startup_stm32f769xx.o(.text)
    CAN1_SCE_IRQHandler                      0x08000227   Thumb Code     0  startup_stm32f769xx.o(.text)
    CAN1_TX_IRQHandler                       0x08000227   Thumb Code     0  startup_stm32f769xx.o(.text)
    CAN2_RX0_IRQHandler                      0x08000227   Thumb Code     0  startup_stm32f769xx.o(.text)
    CAN2_RX1_IRQHandler                      0x08000227   Thumb Code     0  startup_stm32f769xx.o(.text)
    CAN2_SCE_IRQHandler                      0x08000227   Thumb Code     0  startup_stm32f769xx.o(.text)
    CAN2_TX_IRQHandler                       0x08000227   Thumb Code     0  startup_stm32f769xx.o(.text)
    CAN3_RX0_IRQHandler                      0x08000227   Thumb Code     0  startup_stm32f769xx.o(.text)
    CAN3_RX1_IRQHandler                      0x08000227   Thumb Code     0  startup_stm32f769xx.o(.text)
    CAN3_SCE_IRQHandler                      0x08000227   Thumb Code     0  startup_stm32f769xx.o(.text)
    CAN3_TX_IRQHandler                       0x08000227   Thumb Code     0  startup_stm32f769xx.o(.text)
    CEC_IRQHandler                           0x08000227   Thumb Code     0  startup_stm32f769xx.o(.text)
    DCMI_IRQHandler                          0x08000227   Thumb Code     0  startup_stm32f769xx.o(.text)
    DFSDM1_FLT0_IRQHandler                   0x08000227   Thumb Code     0  startup_stm32f769xx.o(.text)
    DFSDM1_FLT1_IRQHandler                   0x08000227   Thumb Code     0  startup_stm32f769xx.o(.text)
    DFSDM1_FLT2_IRQHandler                   0x08000227   Thumb Code     0  startup_stm32f769xx.o(.text)
    DFSDM1_FLT3_IRQHandler                   0x08000227   Thumb Code     0  startup_stm32f769xx.o(.text)
    DMA1_Stream0_IRQHandler                  0x08000227   Thumb Code     0  startup_stm32f769xx.o(.text)
    DMA1_Stream1_IRQHandler                  0x08000227   Thumb Code     0  startup_stm32f769xx.o(.text)
    DMA1_Stream2_IRQHandler                  0x08000227   Thumb Code     0  startup_stm32f769xx.o(.text)
    DMA1_Stream3_IRQHandler                  0x08000227   Thumb Code     0  startup_stm32f769xx.o(.text)
    DMA1_Stream4_IRQHandler                  0x08000227   Thumb Code     0  startup_stm32f769xx.o(.text)
    DMA1_Stream5_IRQHandler                  0x08000227   Thumb Code     0  startup_stm32f769xx.o(.text)
    DMA1_Stream6_IRQHandler                  0x08000227   Thumb Code     0  startup_stm32f769xx.o(.text)
    DMA1_Stream7_IRQHandler                  0x08000227   Thumb Code     0  startup_stm32f769xx.o(.text)
    DMA2D_IRQHandler                         0x08000227   Thumb Code     0  startup_stm32f769xx.o(.text)
    DMA2_Stream0_IRQHandler                  0x08000227   Thumb Code     0  startup_stm32f769xx.o(.text)
    DMA2_Stream1_IRQHandler                  0x08000227   Thumb Code     0  startup_stm32f769xx.o(.text)
    DMA2_Stream2_IRQHandler                  0x08000227   Thumb Code     0  startup_stm32f769xx.o(.text)
    DMA2_Stream3_IRQHandler                  0x08000227   Thumb Code     0  startup_stm32f769xx.o(.text)
    DMA2_Stream4_IRQHandler                  0x08000227   Thumb Code     0  startup_stm32f769xx.o(.text)
    DMA2_Stream5_IRQHandler                  0x08000227   Thumb Code     0  startup_stm32f769xx.o(.text)
    DMA2_Stream6_IRQHandler                  0x08000227   Thumb Code     0  startup_stm32f769xx.o(.text)
    DMA2_Stream7_IRQHandler                  0x08000227   Thumb Code     0  startup_stm32f769xx.o(.text)
    DSI_IRQHandler                           0x08000227   Thumb Code     0  startup_stm32f769xx.o(.text)
    ETH_IRQHandler                           0x08000227   Thumb Code     0  startup_stm32f769xx.o(.text)
    ETH_WKUP_IRQHandler                      0x08000227   Thumb Code     0  startup_stm32f769xx.o(.text)
    EXTI0_IRQHandler                         0x08000227   Thumb Code     0  startup_stm32f769xx.o(.text)
    EXTI15_10_IRQHandler                     0x08000227   Thumb Code     0  startup_stm32f769xx.o(.text)
    EXTI1_IRQHandler                         0x08000227   Thumb Code     0  startup_stm32f769xx.o(.text)
    EXTI2_IRQHandler                         0x08000227   Thumb Code     0  startup_stm32f769xx.o(.text)
    EXTI3_IRQHandler                         0x08000227   Thumb Code     0  startup_stm32f769xx.o(.text)
    EXTI4_IRQHandler                         0x08000227   Thumb Code     0  startup_stm32f769xx.o(.text)
    EXTI9_5_IRQHandler                       0x08000227   Thumb Code     0  startup_stm32f769xx.o(.text)
    FLASH_IRQHandler                         0x08000227   Thumb Code     0  startup_stm32f769xx.o(.text)
    FMC_IRQHandler                           0x08000227   Thumb Code     0  startup_stm32f769xx.o(.text)
    FPU_IRQHandler                           0x08000227   Thumb Code     0  startup_stm32f769xx.o(.text)
    I2C1_ER_IRQHandler                       0x08000227   Thumb Code     0  startup_stm32f769xx.o(.text)
    I2C1_EV_IRQHandler                       0x08000227   Thumb Code     0  startup_stm32f769xx.o(.text)
    I2C2_ER_IRQHandler                       0x08000227   Thumb Code     0  startup_stm32f769xx.o(.text)
    I2C2_EV_IRQHandler                       0x08000227   Thumb Code     0  startup_stm32f769xx.o(.text)
    I2C3_ER_IRQHandler                       0x08000227   Thumb Code     0  startup_stm32f769xx.o(.text)
    I2C3_EV_IRQHandler                       0x08000227   Thumb Code     0  startup_stm32f769xx.o(.text)
    I2C4_ER_IRQHandler                       0x08000227   Thumb Code     0  startup_stm32f769xx.o(.text)
    I2C4_EV_IRQHandler                       0x08000227   Thumb Code     0  startup_stm32f769xx.o(.text)
    JPEG_IRQHandler                          0x08000227   Thumb Code     0  startup_stm32f769xx.o(.text)
    LPTIM1_IRQHandler                        0x08000227   Thumb Code     0  startup_stm32f769xx.o(.text)
    LTDC_ER_IRQHandler                       0x08000227   Thumb Code     0  startup_stm32f769xx.o(.text)
    LTDC_IRQHandler                          0x08000227   Thumb Code     0  startup_stm32f769xx.o(.text)
    MDIOS_IRQHandler                         0x08000227   Thumb Code     0  startup_stm32f769xx.o(.text)
    OTG_FS_IRQHandler                        0x08000227   Thumb Code     0  startup_stm32f769xx.o(.text)
    OTG_FS_WKUP_IRQHandler                   0x08000227   Thumb Code     0  startup_stm32f769xx.o(.text)
    OTG_HS_EP1_IN_IRQHandler                 0x08000227   Thumb Code     0  startup_stm32f769xx.o(.text)
    OTG_HS_EP1_OUT_IRQHandler                0x08000227   Thumb Code     0  startup_stm32f769xx.o(.text)
    OTG_HS_WKUP_IRQHandler                   0x08000227   Thumb Code     0  startup_stm32f769xx.o(.text)
    PVD_IRQHandler                           0x08000227   Thumb Code     0  startup_stm32f769xx.o(.text)
    QUADSPI_IRQHandler                       0x08000227   Thumb Code     0  startup_stm32f769xx.o(.text)
    RCC_IRQHandler                           0x08000227   Thumb Code     0  startup_stm32f769xx.o(.text)
    RNG_IRQHandler                           0x08000227   Thumb Code     0  startup_stm32f769xx.o(.text)
    RTC_Alarm_IRQHandler                     0x08000227   Thumb Code     0  startup_stm32f769xx.o(.text)
    RTC_WKUP_IRQHandler                      0x08000227   Thumb Code     0  startup_stm32f769xx.o(.text)
    SAI1_IRQHandler                          0x08000227   Thumb Code     0  startup_stm32f769xx.o(.text)
    SAI2_IRQHandler                          0x08000227   Thumb Code     0  startup_stm32f769xx.o(.text)
    SDMMC1_IRQHandler                        0x08000227   Thumb Code     0  startup_stm32f769xx.o(.text)
    SDMMC2_IRQHandler                        0x08000227   Thumb Code     0  startup_stm32f769xx.o(.text)
    SPDIF_RX_IRQHandler                      0x08000227   Thumb Code     0  startup_stm32f769xx.o(.text)
    SPI1_IRQHandler                          0x08000227   Thumb Code     0  startup_stm32f769xx.o(.text)
    SPI2_IRQHandler                          0x08000227   Thumb Code     0  startup_stm32f769xx.o(.text)
    SPI3_IRQHandler                          0x08000227   Thumb Code     0  startup_stm32f769xx.o(.text)
    SPI4_IRQHandler                          0x08000227   Thumb Code     0  startup_stm32f769xx.o(.text)
    SPI5_IRQHandler                          0x08000227   Thumb Code     0  startup_stm32f769xx.o(.text)
    SPI6_IRQHandler                          0x08000227   Thumb Code     0  startup_stm32f769xx.o(.text)
    TAMP_STAMP_IRQHandler                    0x08000227   Thumb Code     0  startup_stm32f769xx.o(.text)
    TIM1_BRK_TIM9_IRQHandler                 0x08000227   Thumb Code     0  startup_stm32f769xx.o(.text)
    TIM1_CC_IRQHandler                       0x08000227   Thumb Code     0  startup_stm32f769xx.o(.text)
    TIM1_TRG_COM_TIM11_IRQHandler            0x08000227   Thumb Code     0  startup_stm32f769xx.o(.text)
    TIM1_UP_TIM10_IRQHandler                 0x08000227   Thumb Code     0  startup_stm32f769xx.o(.text)
    TIM2_IRQHandler                          0x08000227   Thumb Code     0  startup_stm32f769xx.o(.text)
    TIM3_IRQHandler                          0x08000227   Thumb Code     0  startup_stm32f769xx.o(.text)
    TIM4_IRQHandler                          0x08000227   Thumb Code     0  startup_stm32f769xx.o(.text)
    TIM5_IRQHandler                          0x08000227   Thumb Code     0  startup_stm32f769xx.o(.text)
    TIM6_DAC_IRQHandler                      0x08000227   Thumb Code     0  startup_stm32f769xx.o(.text)
    TIM7_IRQHandler                          0x08000227   Thumb Code     0  startup_stm32f769xx.o(.text)
    TIM8_BRK_TIM12_IRQHandler                0x08000227   Thumb Code     0  startup_stm32f769xx.o(.text)
    TIM8_CC_IRQHandler                       0x08000227   Thumb Code     0  startup_stm32f769xx.o(.text)
    TIM8_TRG_COM_TIM14_IRQHandler            0x08000227   Thumb Code     0  startup_stm32f769xx.o(.text)
    TIM8_UP_TIM13_IRQHandler                 0x08000227   Thumb Code     0  startup_stm32f769xx.o(.text)
    UART4_IRQHandler                         0x08000227   Thumb Code     0  startup_stm32f769xx.o(.text)
    UART5_IRQHandler                         0x08000227   Thumb Code     0  startup_stm32f769xx.o(.text)
    UART7_IRQHandler                         0x08000227   Thumb Code     0  startup_stm32f769xx.o(.text)
    UART8_IRQHandler                         0x08000227   Thumb Code     0  startup_stm32f769xx.o(.text)
    USART1_IRQHandler                        0x08000227   Thumb Code     0  startup_stm32f769xx.o(.text)
    USART2_IRQHandler                        0x08000227   Thumb Code     0  startup_stm32f769xx.o(.text)
    USART3_IRQHandler                        0x08000227   Thumb Code     0  startup_stm32f769xx.o(.text)
    USART6_IRQHandler                        0x08000227   Thumb Code     0  startup_stm32f769xx.o(.text)
    WWDG_IRQHandler                          0x08000227   Thumb Code     0  startup_stm32f769xx.o(.text)
    __aeabi_memcpy                           0x08000231   Thumb Code    36  memcpya.o(.text)
    __aeabi_memcpy4                          0x08000231   Thumb Code     0  memcpya.o(.text)
    __aeabi_memcpy8                          0x08000231   Thumb Code     0  memcpya.o(.text)
    strlen                                   0x08000255   Thumb Code    14  strlen.o(.text)
    __scatterload                            0x08000265   Thumb Code    28  init.o(.text)
    __scatterload_rt2                        0x08000265   Thumb Code     0  init.o(.text)
    __decompress                             0x08000289   Thumb Code     0  __dczerorl2.o(.text)
    __decompress1                            0x08000289   Thumb Code    86  __dczerorl2.o(.text)
    CDC_Transmit_HS                          0x08000325   Thumb Code    38  usbd_cdc_if.o(i.CDC_Transmit_HS)
    Error_Handler                            0x08000351   Thumb Code     2  main.o(i.Error_Handler)
    HAL_Delay                                0x08000353   Thumb Code    22  stm32f7xx_hal.o(i.HAL_Delay)
    HAL_GPIO_Init                            0x08000369   Thumb Code   418  stm32f7xx_hal_gpio.o(i.HAL_GPIO_Init)
    HAL_GetTick                              0x08000541   Thumb Code     6  stm32f7xx_hal.o(i.HAL_GetTick)
    HAL_IncTick                              0x0800054d   Thumb Code    10  stm32f7xx_hal.o(i.HAL_IncTick)
    HAL_Init                                 0x0800055d   Thumb Code    22  stm32f7xx_hal.o(i.HAL_Init)
    HAL_InitTick                             0x08000575   Thumb Code    34  stm32f7xx_hal.o(i.HAL_InitTick)
    HAL_MspInit                              0x0800059d   Thumb Code    88  stm32f7xx_hal_msp.o(i.HAL_MspInit)
    HAL_NVIC_EnableIRQ                       0x080005f5   Thumb Code    22  stm32f7xx_hal_cortex.o(i.HAL_NVIC_EnableIRQ)
    HAL_NVIC_SetPriority                     0x0800060d   Thumb Code    60  stm32f7xx_hal_cortex.o(i.HAL_NVIC_SetPriority)
    HAL_NVIC_SetPriorityGrouping             0x0800064d   Thumb Code    28  stm32f7xx_hal_cortex.o(i.HAL_NVIC_SetPriorityGrouping)
    HAL_PCDEx_ActivateLPM                    0x08000671   Thumb Code    34  stm32f7xx_hal_pcd_ex.o(i.HAL_PCDEx_ActivateLPM)
    HAL_PCDEx_LPM_Callback                   0x08000699   Thumb Code    92  usbd_conf.o(i.HAL_PCDEx_LPM_Callback)
    HAL_PCDEx_SetRxFiFo                      0x080006f9   Thumb Code     8  stm32f7xx_hal_pcd_ex.o(i.HAL_PCDEx_SetRxFiFo)
    HAL_PCDEx_SetTxFiFo                      0x08000701   Thumb Code    72  stm32f7xx_hal_pcd_ex.o(i.HAL_PCDEx_SetTxFiFo)
    HAL_PCD_ConnectCallback                  0x08000749   Thumb Code     8  usbd_conf.o(i.HAL_PCD_ConnectCallback)
    HAL_PCD_DataInStageCallback              0x08000751   Thumb Code    18  usbd_conf.o(i.HAL_PCD_DataInStageCallback)
    HAL_PCD_DataOutStageCallback             0x08000763   Thumb Code    20  usbd_conf.o(i.HAL_PCD_DataOutStageCallback)
    HAL_PCD_DisconnectCallback               0x08000777   Thumb Code     8  usbd_conf.o(i.HAL_PCD_DisconnectCallback)
    HAL_PCD_EP_Close                         0x0800077f   Thumb Code    68  stm32f7xx_hal_pcd.o(i.HAL_PCD_EP_Close)
    HAL_PCD_EP_ClrStall                      0x080007c3   Thumb Code    80  stm32f7xx_hal_pcd.o(i.HAL_PCD_EP_ClrStall)
    HAL_PCD_EP_GetRxCount                    0x08000813   Thumb Code    20  stm32f7xx_hal_pcd.o(i.HAL_PCD_EP_GetRxCount)
    HAL_PCD_EP_Open                          0x08000827   Thumb Code    86  stm32f7xx_hal_pcd.o(i.HAL_PCD_EP_Open)
    HAL_PCD_EP_Receive                       0x0800087d   Thumb Code    68  stm32f7xx_hal_pcd.o(i.HAL_PCD_EP_Receive)
    HAL_PCD_EP_SetStall                      0x080008c1   Thumb Code    96  stm32f7xx_hal_pcd.o(i.HAL_PCD_EP_SetStall)
    HAL_PCD_EP_Transmit                      0x08000921   Thumb Code    68  stm32f7xx_hal_pcd.o(i.HAL_PCD_EP_Transmit)
    HAL_PCD_IRQHandler                       0x08000965   Thumb Code  1268  stm32f7xx_hal_pcd.o(i.HAL_PCD_IRQHandler)
    HAL_PCD_ISOINIncompleteCallback          0x08000ea1   Thumb Code     8  usbd_conf.o(i.HAL_PCD_ISOINIncompleteCallback)
    HAL_PCD_ISOOUTIncompleteCallback         0x08000ea9   Thumb Code     8  usbd_conf.o(i.HAL_PCD_ISOOUTIncompleteCallback)
    HAL_PCD_Init                             0x08000eb1   Thumb Code   208  stm32f7xx_hal_pcd.o(i.HAL_PCD_Init)
    HAL_PCD_MspInit                          0x08000f81   Thumb Code   146  usbd_conf.o(i.HAL_PCD_MspInit)
    HAL_PCD_ResetCallback                    0x08001031   Thumb Code    32  usbd_conf.o(i.HAL_PCD_ResetCallback)
    HAL_PCD_ResumeCallback                   0x08001051   Thumb Code     8  usbd_conf.o(i.HAL_PCD_ResumeCallback)
    HAL_PCD_SOFCallback                      0x08001059   Thumb Code     8  usbd_conf.o(i.HAL_PCD_SOFCallback)
    HAL_PCD_SetAddress                       0x08001061   Thumb Code    36  stm32f7xx_hal_pcd.o(i.HAL_PCD_SetAddress)
    HAL_PCD_SetupStageCallback               0x08001085   Thumb Code    14  usbd_conf.o(i.HAL_PCD_SetupStageCallback)
    HAL_PCD_Start                            0x08001093   Thumb Code    42  stm32f7xx_hal_pcd.o(i.HAL_PCD_Start)
    HAL_PCD_SuspendCallback                  0x080010bd   Thumb Code    44  usbd_conf.o(i.HAL_PCD_SuspendCallback)
    HAL_RCC_ClockConfig                      0x080010ed   Thumb Code   338  stm32f7xx_hal_rcc.o(i.HAL_RCC_ClockConfig)
    HAL_RCC_GetHCLKFreq                      0x08001251   Thumb Code     6  stm32f7xx_hal_rcc.o(i.HAL_RCC_GetHCLKFreq)
    HAL_RCC_GetSysClockFreq                  0x0800125d   Thumb Code   120  stm32f7xx_hal_rcc.o(i.HAL_RCC_GetSysClockFreq)
    HAL_RCC_OscConfig                        0x080012e1   Thumb Code   870  stm32f7xx_hal_rcc.o(i.HAL_RCC_OscConfig)
    HAL_SYSTICK_CLKSourceConfig              0x08001651   Thumb Code    24  stm32f7xx_hal_cortex.o(i.HAL_SYSTICK_CLKSourceConfig)
    HAL_SYSTICK_Callback                     0x08001669   Thumb Code     2  stm32f7xx_hal_cortex.o(i.HAL_SYSTICK_Callback)
    HAL_SYSTICK_Config                       0x0800166b   Thumb Code    38  stm32f7xx_hal_cortex.o(i.HAL_SYSTICK_Config)
    HAL_SYSTICK_IRQHandler                   0x08001691   Thumb Code     8  stm32f7xx_hal_cortex.o(i.HAL_SYSTICK_IRQHandler)
    MX_USB_DEVICE_Init                       0x08001b81   Thumb Code    38  usb_device.o(i.MX_USB_DEVICE_Init)
    OTG_HS_IRQHandler                        0x08001bdd   Thumb Code     6  stm32f7xx_it.o(i.OTG_HS_IRQHandler)
    SysTick_Handler                          0x08001c7f   Thumb Code    14  stm32f7xx_it.o(i.SysTick_Handler)
    SystemClock_Config                       0x08001c8d   Thumb Code   152  main.o(i.SystemClock_Config)
    SystemInit                               0x08001d2d   Thumb Code    68  system_stm32f7xx.o(i.SystemInit)
    USBD_CDC_GetDeviceQualifierDescriptor    0x08001e25   Thumb Code     8  usbd_cdc.o(i.USBD_CDC_GetDeviceQualifierDescriptor)
    USBD_CDC_ReceivePacket                   0x08001edd   Thumb Code    40  usbd_cdc.o(i.USBD_CDC_ReceivePacket)
    USBD_CDC_RegisterInterface               0x08001f05   Thumb Code    20  usbd_cdc.o(i.USBD_CDC_RegisterInterface)
    USBD_CDC_SetRxBuffer                     0x08001f19   Thumb Code    12  usbd_cdc.o(i.USBD_CDC_SetRxBuffer)
    USBD_CDC_SetTxBuffer                     0x08001f25   Thumb Code    16  usbd_cdc.o(i.USBD_CDC_SetTxBuffer)
    USBD_CDC_TransmitPacket                  0x08001fa5   Thumb Code    48  usbd_cdc.o(i.USBD_CDC_TransmitPacket)
    USBD_ClrClassConfig                      0x08001fd5   Thumb Code    14  usbd_core.o(i.USBD_ClrClassConfig)
    USBD_CtlContinueRx                       0x08001fe3   Thumb Code    16  usbd_ioreq.o(i.USBD_CtlContinueRx)
    USBD_CtlContinueSendData                 0x08001ff3   Thumb Code    16  usbd_ioreq.o(i.USBD_CtlContinueSendData)
    USBD_CtlError                            0x08002003   Thumb Code    22  usbd_ctlreq.o(i.USBD_CtlError)
    USBD_CtlPrepareRx                        0x08002019   Thumb Code    30  usbd_ioreq.o(i.USBD_CtlPrepareRx)
    USBD_CtlReceiveStatus                    0x08002037   Thumb Code    22  usbd_ioreq.o(i.USBD_CtlReceiveStatus)
    USBD_CtlSendData                         0x0800204d   Thumb Code    26  usbd_ioreq.o(i.USBD_CtlSendData)
    USBD_CtlSendStatus                       0x08002067   Thumb Code    22  usbd_ioreq.o(i.USBD_CtlSendStatus)
    USBD_GetString                           0x08002173   Thumb Code    72  usbd_ctlreq.o(i.USBD_GetString)
    USBD_HS_ConfigStrDescriptor              0x080021bd   Thumb Code    16  usbd_desc.o(i.USBD_HS_ConfigStrDescriptor)
    USBD_HS_DeviceDescriptor                 0x080021dd   Thumb Code     8  usbd_desc.o(i.USBD_HS_DeviceDescriptor)
    USBD_HS_InterfaceStrDescriptor           0x080021e9   Thumb Code    16  usbd_desc.o(i.USBD_HS_InterfaceStrDescriptor)
    USBD_HS_LangIDStrDescriptor              0x0800220d   Thumb Code     8  usbd_desc.o(i.USBD_HS_LangIDStrDescriptor)
    USBD_HS_ManufacturerStrDescriptor        0x08002219   Thumb Code    16  usbd_desc.o(i.USBD_HS_ManufacturerStrDescriptor)
    USBD_HS_ProductStrDescriptor             0x08002241   Thumb Code    16  usbd_desc.o(i.USBD_HS_ProductStrDescriptor)
    USBD_HS_SerialStrDescriptor              0x0800226d   Thumb Code    16  usbd_desc.o(i.USBD_HS_SerialStrDescriptor)
    USBD_HS_USR_BOSDescriptor                0x08002291   Thumb Code     8  usbd_desc.o(i.USBD_HS_USR_BOSDescriptor)
    USBD_Init                                0x0800229d   Thumb Code    42  usbd_core.o(i.USBD_Init)
    USBD_LL_ClearStallEP                     0x080022c7   Thumb Code    32  usbd_conf.o(i.USBD_LL_ClearStallEP)
    USBD_LL_CloseEP                          0x080022e7   Thumb Code    32  usbd_conf.o(i.USBD_LL_CloseEP)
    USBD_LL_DataInStage                      0x08002307   Thumb Code   170  usbd_core.o(i.USBD_LL_DataInStage)
    USBD_LL_DataOutStage                     0x080023b1   Thumb Code   106  usbd_core.o(i.USBD_LL_DataOutStage)
    USBD_LL_DevConnected                     0x0800241b   Thumb Code     4  usbd_core.o(i.USBD_LL_DevConnected)
    USBD_LL_DevDisconnected                  0x0800241f   Thumb Code    22  usbd_core.o(i.USBD_LL_DevDisconnected)
    USBD_LL_GetRxDataSize                    0x08002435   Thumb Code     8  usbd_conf.o(i.USBD_LL_GetRxDataSize)
    USBD_LL_Init                             0x0800243d   Thumb Code    96  usbd_conf.o(i.USBD_LL_Init)
    USBD_LL_IsStallEP                        0x080024a5   Thumb Code    32  usbd_conf.o(i.USBD_LL_IsStallEP)
    USBD_LL_IsoINIncomplete                  0x080024c5   Thumb Code     4  usbd_core.o(i.USBD_LL_IsoINIncomplete)
    USBD_LL_IsoOUTIncomplete                 0x080024c9   Thumb Code     4  usbd_core.o(i.USBD_LL_IsoOUTIncomplete)
    USBD_LL_OpenEP                           0x080024cd   Thumb Code    38  usbd_conf.o(i.USBD_LL_OpenEP)
    USBD_LL_PrepareReceive                   0x080024f3   Thumb Code    32  usbd_conf.o(i.USBD_LL_PrepareReceive)
    USBD_LL_Reset                            0x08002513   Thumb Code    64  usbd_core.o(i.USBD_LL_Reset)
    USBD_LL_Resume                           0x08002553   Thumb Code    12  usbd_core.o(i.USBD_LL_Resume)
    USBD_LL_SOF                              0x0800255f   Thumb Code    24  usbd_core.o(i.USBD_LL_SOF)
    USBD_LL_SetSpeed                         0x08002577   Thumb Code     6  usbd_core.o(i.USBD_LL_SetSpeed)
    USBD_LL_SetUSBAddress                    0x0800257d   Thumb Code    32  usbd_conf.o(i.USBD_LL_SetUSBAddress)
    USBD_LL_SetupStage                       0x0800259d   Thumb Code    86  usbd_core.o(i.USBD_LL_SetupStage)
    USBD_LL_StallEP                          0x080025f3   Thumb Code    32  usbd_conf.o(i.USBD_LL_StallEP)
    USBD_LL_Start                            0x08002613   Thumb Code    32  usbd_conf.o(i.USBD_LL_Start)
    USBD_LL_Suspend                          0x08002633   Thumb Code    18  usbd_core.o(i.USBD_LL_Suspend)
    USBD_LL_Transmit                         0x08002645   Thumb Code    32  usbd_conf.o(i.USBD_LL_Transmit)
    USBD_ParseSetupRequest                   0x08002665   Thumb Code    40  usbd_ctlreq.o(i.USBD_ParseSetupRequest)
    USBD_RegisterClass                       0x0800268d   Thumb Code    18  usbd_core.o(i.USBD_RegisterClass)
    USBD_SetClassConfig                      0x0800269f   Thumb Code    22  usbd_core.o(i.USBD_SetClassConfig)
    USBD_Start                               0x08002729   Thumb Code    10  usbd_core.o(i.USBD_Start)
    USBD_StdDevReq                           0x08002733   Thumb Code   242  usbd_ctlreq.o(i.USBD_StdDevReq)
    USBD_StdEPReq                            0x08002825   Thumb Code   222  usbd_ctlreq.o(i.USBD_StdEPReq)
    USBD_StdItfReq                           0x08002903   Thumb Code    52  usbd_ctlreq.o(i.USBD_StdItfReq)
    USB_ActivateEndpoint                     0x08002939   Thumb Code   124  stm32f7xx_ll_usb.o(i.USB_ActivateEndpoint)
    USB_ActivateSetup                        0x080029b9   Thumb Code    52  stm32f7xx_ll_usb.o(i.USB_ActivateSetup)
    USB_CoreInit                             0x080029ed   Thumb Code   106  stm32f7xx_ll_usb.o(i.USB_CoreInit)
    USB_DeactivateEndpoint                   0x08002a95   Thumb Code   110  stm32f7xx_ll_usb.o(i.USB_DeactivateEndpoint)
    USB_DevConnect                           0x08002b03   Thumb Code    24  stm32f7xx_ll_usb.o(i.USB_DevConnect)
    USB_DevDisconnect                        0x08002b1b   Thumb Code    24  stm32f7xx_ll_usb.o(i.USB_DevDisconnect)
    USB_DevInit                              0x08002b35   Thumb Code   342  stm32f7xx_ll_usb.o(i.USB_DevInit)
    USB_DisableGlobalInt                     0x08002c9d   Thumb Code    12  stm32f7xx_ll_usb.o(i.USB_DisableGlobalInt)
    USB_EP0StartXfer                         0x08002ca9   Thumb Code   316  stm32f7xx_ll_usb.o(i.USB_EP0StartXfer)
    USB_EP0_OutStart                         0x08002de9   Thumb Code    62  stm32f7xx_ll_usb.o(i.USB_EP0_OutStart)
    USB_EPClearStall                         0x08002e27   Thumb Code   100  stm32f7xx_ll_usb.o(i.USB_EPClearStall)
    USB_EPSetStall                           0x08002e8b   Thumb Code    94  stm32f7xx_ll_usb.o(i.USB_EPSetStall)
    USB_EPStartXfer                          0x08002ee9   Thumb Code   534  stm32f7xx_ll_usb.o(i.USB_EPStartXfer)
    USB_EnableGlobalInt                      0x08003105   Thumb Code    12  stm32f7xx_ll_usb.o(i.USB_EnableGlobalInt)
    USB_FlushRxFifo                          0x08003111   Thumb Code    28  stm32f7xx_ll_usb.o(i.USB_FlushRxFifo)
    USB_FlushTxFifo                          0x08003131   Thumb Code    32  stm32f7xx_ll_usb.o(i.USB_FlushTxFifo)
    USB_GetDevSpeed                          0x08003155   Thumb Code    62  stm32f7xx_ll_usb.o(i.USB_GetDevSpeed)
    USB_GetMode                              0x08003193   Thumb Code     8  stm32f7xx_ll_usb.o(i.USB_GetMode)
    USB_ReadDevAllInEpInterrupt              0x0800319b   Thumb Code    14  stm32f7xx_ll_usb.o(i.USB_ReadDevAllInEpInterrupt)
    USB_ReadDevAllOutEpInterrupt             0x080031a9   Thumb Code    14  stm32f7xx_ll_usb.o(i.USB_ReadDevAllOutEpInterrupt)
    USB_ReadDevInEPInterrupt                 0x080031b7   Thumb Code    32  stm32f7xx_ll_usb.o(i.USB_ReadDevInEPInterrupt)
    USB_ReadDevOutEPInterrupt                0x080031d7   Thumb Code    16  stm32f7xx_ll_usb.o(i.USB_ReadDevOutEPInterrupt)
    USB_ReadInterrupts                       0x080031e7   Thumb Code     8  stm32f7xx_ll_usb.o(i.USB_ReadInterrupts)
    USB_ReadPacket                           0x080031ef   Thumb Code    30  stm32f7xx_ll_usb.o(i.USB_ReadPacket)
    USB_SetCurrentMode                       0x0800320d   Thumb Code    44  stm32f7xx_ll_usb.o(i.USB_SetCurrentMode)
    USB_SetDevAddress                        0x08003239   Thumb Code    34  stm32f7xx_ll_usb.o(i.USB_SetDevAddress)
    USB_WritePacket                          0x0800325d   Thumb Code    44  stm32f7xx_ll_usb.o(i.USB_WritePacket)
    __scatterload_copy                       0x08003289   Thumb Code    14  handlers.o(i.__scatterload_copy)
    __scatterload_null                       0x08003297   Thumb Code     2  handlers.o(i.__scatterload_null)
    __scatterload_zeroinit                   0x08003299   Thumb Code    14  handlers.o(i.__scatterload_zeroinit)
    free                                     0x080032a9   Thumb Code    76  malloc.o(i.free)
    main                                     0x080032f9   Thumb Code    50  main.o(i.main)
    malloc                                   0x08003335   Thumb Code    92  malloc.o(i.malloc)
    AHBPrescTable                            0x080033a0   Data          16  system_stm32f7xx.o(.constdata)
    Region$$Table$$Base                      0x080033b0   Number         0  anon$$obj.o(Region$$Table)
    Region$$Table$$Limit                     0x080033d0   Number         0  anon$$obj.o(Region$$Table)
    USBD_Interface_fops_HS                   0x20000000   Data          16  usbd_cdc_if.o(.data)
    UserRxBufferHS                           0x20000010   Data           4  usbd_cdc_if.o(.data)
    UserTxBufferHS                           0x20000014   Data           4  usbd_cdc_if.o(.data)
    HS_Desc                                  0x20000018   Data          32  usbd_desc.o(.data)
    USBD_LangIDDesc                          0x20000038   Data           4  usbd_desc.o(.data)
    USBD_HS_DeviceDesc                       0x2000003c   Data          18  usbd_desc.o(.data)
    USBD_HS_BOSDesc                          0x20000050   Data          12  usbd_desc.o(.data)
    uwTick                                   0x2000005c   Data           4  stm32f7xx_hal.o(.data)
    SystemCoreClock                          0x20000060   Data           4  system_stm32f7xx.o(.data)
    USBD_CDC_CfgHSDesc                       0x20000078   Data          67  usbd_cdc.o(.data)
    USBD_CDC_CfgFSDesc                       0x200000bc   Data          67  usbd_cdc.o(.data)
    USBD_CDC_OtherSpeedCfgDesc               0x20000100   Data          67  usbd_cdc.o(.data)
    USBD_CDC                                 0x20000144   Data          56  usbd_cdc.o(.data)
    __microlib_freelist                      0x2000017c   Data           4  mvars.o(.data)
    __microlib_freelist_initialised          0x20000180   Data           4  mvars.o(.data)
    USBD_StrDesc                             0x20000184   Data         512  usbd_desc.o(.bss)
    hUsbDeviceHS                             0x20000384   Data         548  usb_device.o(.bss)
    hpcd_USB_OTG_HS                          0x200005a8   Data        1024  usbd_conf.o(.bss)
    __heap_base                              0x200009a8   Data           0  startup_stm32f769xx.o(HEAP)
    __heap_limit                             0x200029a8   Data           0  startup_stm32f769xx.o(HEAP)
    __initial_sp                             0x200069a8   Data           0  startup_stm32f769xx.o(STACK)



==============================================================================

Memory Map of the image

  Image Entry point : 0x080001f9

  Load Region LR_IROM1 (Base: 0x08000000, Size: 0x00003554, Max: 0x00200000, ABSOLUTE, COMPRESSED[0x0000349c])

    Execution Region ER_IROM1 (Base: 0x08000000, Size: 0x000033d0, Max: 0x00200000, ABSOLUTE)

    Base Addr    Size         Type   Attr      Idx    E Section Name        Object

    0x08000000   0x000001f8   Data   RO         2733    RESET               startup_stm32f769xx.o
    0x080001f8   0x00000000   Code   RO         3107  * .ARM.Collect$$$$00000000  mc_w.l(entry.o)
    0x080001f8   0x00000004   Code   RO         3144    .ARM.Collect$$$$00000001  mc_w.l(entry2.o)
    0x080001fc   0x00000004   Code   RO         3147    .ARM.Collect$$$$00000004  mc_w.l(entry5.o)
    0x08000200   0x00000000   Code   RO         3149    .ARM.Collect$$$$00000008  mc_w.l(entry7b.o)
    0x08000200   0x00000000   Code   RO         3151    .ARM.Collect$$$$0000000A  mc_w.l(entry8b.o)
    0x08000200   0x00000008   Code   RO         3152    .ARM.Collect$$$$0000000B  mc_w.l(entry9a.o)
    0x08000208   0x00000000   Code   RO         3154    .ARM.Collect$$$$0000000D  mc_w.l(entry10a.o)
    0x08000208   0x00000000   Code   RO         3156    .ARM.Collect$$$$0000000F  mc_w.l(entry11a.o)
    0x08000208   0x00000004   Code   RO         3145    .ARM.Collect$$$$00002712  mc_w.l(entry2.o)
    0x0800020c   0x00000024   Code   RO         2734    .text               startup_stm32f769xx.o
    0x08000230   0x00000024   Code   RO         3110    .text               mc_w.l(memcpya.o)
    0x08000254   0x0000000e   Code   RO         3112    .text               mc_w.l(strlen.o)
    0x08000262   0x00000002   PAD
    0x08000264   0x00000024   Code   RO         3160    .text               mc_w.l(init.o)
    0x08000288   0x00000056   Code   RO         3170    .text               mc_w.l(__dczerorl2.o)
    0x080002de   0x00000004   Code   RO            4    i.CDC_Control_HS    usbd_cdc_if.o
    0x080002e2   0x00000004   Code   RO            5    i.CDC_DeInit_HS     usbd_cdc_if.o
    0x080002e6   0x00000002   PAD
    0x080002e8   0x00000024   Code   RO            6    i.CDC_Init_HS       usbd_cdc_if.o
    0x0800030c   0x00000018   Code   RO            7    i.CDC_Receive_HS    usbd_cdc_if.o
    0x08000324   0x0000002c   Code   RO            8    i.CDC_Transmit_HS   usbd_cdc_if.o
    0x08000350   0x00000002   Code   RO          350    i.Error_Handler     main.o
    0x08000352   0x00000016   Code   RO         2029    i.HAL_Delay         stm32f7xx_hal.o
    0x08000368   0x000001d8   Code   RO         1434    i.HAL_GPIO_Init     stm32f7xx_hal_gpio.o
    0x08000540   0x0000000c   Code   RO         2039    i.HAL_GetTick       stm32f7xx_hal.o
    0x0800054c   0x00000010   Code   RO         2040    i.HAL_IncTick       stm32f7xx_hal.o
    0x0800055c   0x00000016   Code   RO         2041    i.HAL_Init          stm32f7xx_hal.o
    0x08000572   0x00000002   PAD
    0x08000574   0x00000028   Code   RO         2042    i.HAL_InitTick      stm32f7xx_hal.o
    0x0800059c   0x00000058   Code   RO          326    i.HAL_MspInit       stm32f7xx_hal_msp.o
    0x080005f4   0x00000016   Code   RO          595    i.HAL_NVIC_EnableIRQ  stm32f7xx_hal_cortex.o
    0x0800060a   0x00000002   PAD
    0x0800060c   0x00000040   Code   RO          601    i.HAL_NVIC_SetPriority  stm32f7xx_hal_cortex.o
    0x0800064c   0x00000024   Code   RO          602    i.HAL_NVIC_SetPriorityGrouping  stm32f7xx_hal_cortex.o
    0x08000670   0x00000028   Code   RO         1748    i.HAL_PCDEx_ActivateLPM  stm32f7xx_hal_pcd_ex.o
    0x08000698   0x00000060   Code   RO          395    i.HAL_PCDEx_LPM_Callback  usbd_conf.o
    0x080006f8   0x00000008   Code   RO         1751    i.HAL_PCDEx_SetRxFiFo  stm32f7xx_hal_pcd_ex.o
    0x08000700   0x00000048   Code   RO         1752    i.HAL_PCDEx_SetTxFiFo  stm32f7xx_hal_pcd_ex.o
    0x08000748   0x00000008   Code   RO          396    i.HAL_PCD_ConnectCallback  usbd_conf.o
    0x08000750   0x00000012   Code   RO          397    i.HAL_PCD_DataInStageCallback  usbd_conf.o
    0x08000762   0x00000014   Code   RO          398    i.HAL_PCD_DataOutStageCallback  usbd_conf.o
    0x08000776   0x00000008   Code   RO          399    i.HAL_PCD_DisconnectCallback  usbd_conf.o
    0x0800077e   0x00000044   Code   RO         1506    i.HAL_PCD_EP_Close  stm32f7xx_hal_pcd.o
    0x080007c2   0x00000050   Code   RO         1507    i.HAL_PCD_EP_ClrStall  stm32f7xx_hal_pcd.o
    0x08000812   0x00000014   Code   RO         1509    i.HAL_PCD_EP_GetRxCount  stm32f7xx_hal_pcd.o
    0x08000826   0x00000056   Code   RO         1510    i.HAL_PCD_EP_Open   stm32f7xx_hal_pcd.o
    0x0800087c   0x00000044   Code   RO         1511    i.HAL_PCD_EP_Receive  stm32f7xx_hal_pcd.o
    0x080008c0   0x00000060   Code   RO         1512    i.HAL_PCD_EP_SetStall  stm32f7xx_hal_pcd.o
    0x08000920   0x00000044   Code   RO         1513    i.HAL_PCD_EP_Transmit  stm32f7xx_hal_pcd.o
    0x08000964   0x0000053c   Code   RO         1515    i.HAL_PCD_IRQHandler  stm32f7xx_hal_pcd.o
    0x08000ea0   0x00000008   Code   RO          400    i.HAL_PCD_ISOINIncompleteCallback  usbd_conf.o
    0x08000ea8   0x00000008   Code   RO          401    i.HAL_PCD_ISOOUTIncompleteCallback  usbd_conf.o
    0x08000eb0   0x000000d0   Code   RO         1518    i.HAL_PCD_Init      stm32f7xx_hal_pcd.o
    0x08000f80   0x000000b0   Code   RO          403    i.HAL_PCD_MspInit   usbd_conf.o
    0x08001030   0x00000020   Code   RO          404    i.HAL_PCD_ResetCallback  usbd_conf.o
    0x08001050   0x00000008   Code   RO          405    i.HAL_PCD_ResumeCallback  usbd_conf.o
    0x08001058   0x00000008   Code   RO          406    i.HAL_PCD_SOFCallback  usbd_conf.o
    0x08001060   0x00000024   Code   RO         1524    i.HAL_PCD_SetAddress  stm32f7xx_hal_pcd.o
    0x08001084   0x0000000e   Code   RO          407    i.HAL_PCD_SetupStageCallback  usbd_conf.o
    0x08001092   0x0000002a   Code   RO         1526    i.HAL_PCD_Start     stm32f7xx_hal_pcd.o
    0x080010bc   0x00000030   Code   RO          408    i.HAL_PCD_SuspendCallback  usbd_conf.o
    0x080010ec   0x00000164   Code   RO         2194    i.HAL_RCC_ClockConfig  stm32f7xx_hal_rcc.o
    0x08001250   0x0000000c   Code   RO         2199    i.HAL_RCC_GetHCLKFreq  stm32f7xx_hal_rcc.o
    0x0800125c   0x00000084   Code   RO         2203    i.HAL_RCC_GetSysClockFreq  stm32f7xx_hal_rcc.o
    0x080012e0   0x00000370   Code   RO         2206    i.HAL_RCC_OscConfig  stm32f7xx_hal_rcc.o
    0x08001650   0x00000018   Code   RO          604    i.HAL_SYSTICK_CLKSourceConfig  stm32f7xx_hal_cortex.o
    0x08001668   0x00000002   Code   RO          605    i.HAL_SYSTICK_Callback  stm32f7xx_hal_cortex.o
    0x0800166a   0x00000026   Code   RO          606    i.HAL_SYSTICK_Config  stm32f7xx_hal_cortex.o
    0x08001690   0x00000008   Code   RO          607    i.HAL_SYSTICK_IRQHandler  stm32f7xx_hal_cortex.o
    0x08001698   0x000004e8   Code   RO          351    i.MX_GPIO_Init      main.o
    0x08001b80   0x00000038   Code   RO          288    i.MX_USB_DEVICE_Init  usb_device.o
    0x08001bb8   0x00000022   Code   RO          608    i.NVIC_SetPriority  stm32f7xx_hal_cortex.o
    0x08001bda   0x00000002   PAD
    0x08001bdc   0x0000000c   Code   RO          180    i.OTG_HS_IRQHandler  stm32f7xx_it.o
    0x08001be8   0x00000096   Code   RO         1529    i.PCD_WriteEmptyTxFifo  stm32f7xx_hal_pcd.o
    0x08001c7e   0x0000000e   Code   RO          181    i.SysTick_Handler   stm32f7xx_it.o
    0x08001c8c   0x000000a0   Code   RO          352    i.SystemClock_Config  main.o
    0x08001d2c   0x00000054   Code   RO         2697    i.SystemInit        system_stm32f7xx.o
    0x08001d80   0x00000014   Code   RO         2944    i.USBD_CDC_DataIn   usbd_cdc.o
    0x08001d94   0x0000002e   Code   RO         2945    i.USBD_CDC_DataOut  usbd_cdc.o
    0x08001dc2   0x0000003c   Code   RO         2946    i.USBD_CDC_DeInit   usbd_cdc.o
    0x08001dfe   0x00000024   Code   RO         2947    i.USBD_CDC_EP0_RxReady  usbd_cdc.o
    0x08001e22   0x00000002   PAD
    0x08001e24   0x0000000c   Code   RO         2948    i.USBD_CDC_GetDeviceQualifierDescriptor  usbd_cdc.o
    0x08001e30   0x0000000c   Code   RO         2949    i.USBD_CDC_GetFSCfgDesc  usbd_cdc.o
    0x08001e3c   0x0000000c   Code   RO         2950    i.USBD_CDC_GetHSCfgDesc  usbd_cdc.o
    0x08001e48   0x0000000c   Code   RO         2951    i.USBD_CDC_GetOtherSpeedCfgDesc  usbd_cdc.o
    0x08001e54   0x00000088   Code   RO         2952    i.USBD_CDC_Init     usbd_cdc.o
    0x08001edc   0x00000028   Code   RO         2953    i.USBD_CDC_ReceivePacket  usbd_cdc.o
    0x08001f04   0x00000014   Code   RO         2954    i.USBD_CDC_RegisterInterface  usbd_cdc.o
    0x08001f18   0x0000000c   Code   RO         2955    i.USBD_CDC_SetRxBuffer  usbd_cdc.o
    0x08001f24   0x00000010   Code   RO         2956    i.USBD_CDC_SetTxBuffer  usbd_cdc.o
    0x08001f34   0x00000070   Code   RO         2957    i.USBD_CDC_Setup    usbd_cdc.o
    0x08001fa4   0x00000030   Code   RO         2958    i.USBD_CDC_TransmitPacket  usbd_cdc.o
    0x08001fd4   0x0000000e   Code   RO         2741    i.USBD_ClrClassConfig  usbd_core.o
    0x08001fe2   0x00000010   Code   RO         3050    i.USBD_CtlContinueRx  usbd_ioreq.o
    0x08001ff2   0x00000010   Code   RO         3051    i.USBD_CtlContinueSendData  usbd_ioreq.o
    0x08002002   0x00000016   Code   RO         2879    i.USBD_CtlError     usbd_ctlreq.o
    0x08002018   0x0000001e   Code   RO         3052    i.USBD_CtlPrepareRx  usbd_ioreq.o
    0x08002036   0x00000016   Code   RO         3053    i.USBD_CtlReceiveStatus  usbd_ioreq.o
    0x0800204c   0x0000001a   Code   RO         3054    i.USBD_CtlSendData  usbd_ioreq.o
    0x08002066   0x00000016   Code   RO         3055    i.USBD_CtlSendStatus  usbd_ioreq.o
    0x0800207c   0x000000f6   Code   RO         2880    i.USBD_GetDescriptor  usbd_ctlreq.o
    0x08002172   0x00000048   Code   RO         2881    i.USBD_GetString    usbd_ctlreq.o
    0x080021ba   0x00000002   PAD
    0x080021bc   0x00000020   Code   RO          214    i.USBD_HS_ConfigStrDescriptor  usbd_desc.o
    0x080021dc   0x0000000c   Code   RO          215    i.USBD_HS_DeviceDescriptor  usbd_desc.o
    0x080021e8   0x00000024   Code   RO          216    i.USBD_HS_InterfaceStrDescriptor  usbd_desc.o
    0x0800220c   0x0000000c   Code   RO          217    i.USBD_HS_LangIDStrDescriptor  usbd_desc.o
    0x08002218   0x00000028   Code   RO          218    i.USBD_HS_ManufacturerStrDescriptor  usbd_desc.o
    0x08002240   0x0000002c   Code   RO          219    i.USBD_HS_ProductStrDescriptor  usbd_desc.o
    0x0800226c   0x00000024   Code   RO          220    i.USBD_HS_SerialStrDescriptor  usbd_desc.o
    0x08002290   0x0000000c   Code   RO          221    i.USBD_HS_USR_BOSDescriptor  usbd_desc.o
    0x0800229c   0x0000002a   Code   RO         2743    i.USBD_Init         usbd_core.o
    0x080022c6   0x00000020   Code   RO          409    i.USBD_LL_ClearStallEP  usbd_conf.o
    0x080022e6   0x00000020   Code   RO          410    i.USBD_LL_CloseEP   usbd_conf.o
    0x08002306   0x000000aa   Code   RO         2744    i.USBD_LL_DataInStage  usbd_core.o
    0x080023b0   0x0000006a   Code   RO         2745    i.USBD_LL_DataOutStage  usbd_core.o
    0x0800241a   0x00000004   Code   RO         2746    i.USBD_LL_DevConnected  usbd_core.o
    0x0800241e   0x00000016   Code   RO         2747    i.USBD_LL_DevDisconnected  usbd_core.o
    0x08002434   0x00000008   Code   RO          414    i.USBD_LL_GetRxDataSize  usbd_conf.o
    0x0800243c   0x00000068   Code   RO          415    i.USBD_LL_Init      usbd_conf.o
    0x080024a4   0x00000020   Code   RO          416    i.USBD_LL_IsStallEP  usbd_conf.o
    0x080024c4   0x00000004   Code   RO         2748    i.USBD_LL_IsoINIncomplete  usbd_core.o
    0x080024c8   0x00000004   Code   RO         2749    i.USBD_LL_IsoOUTIncomplete  usbd_core.o
    0x080024cc   0x00000026   Code   RO          417    i.USBD_LL_OpenEP    usbd_conf.o
    0x080024f2   0x00000020   Code   RO          418    i.USBD_LL_PrepareReceive  usbd_conf.o
    0x08002512   0x00000040   Code   RO         2750    i.USBD_LL_Reset     usbd_core.o
    0x08002552   0x0000000c   Code   RO         2751    i.USBD_LL_Resume    usbd_core.o
    0x0800255e   0x00000018   Code   RO         2752    i.USBD_LL_SOF       usbd_core.o
    0x08002576   0x00000006   Code   RO         2753    i.USBD_LL_SetSpeed  usbd_core.o
    0x0800257c   0x00000020   Code   RO          419    i.USBD_LL_SetUSBAddress  usbd_conf.o
    0x0800259c   0x00000056   Code   RO         2754    i.USBD_LL_SetupStage  usbd_core.o
    0x080025f2   0x00000020   Code   RO          420    i.USBD_LL_StallEP   usbd_conf.o
    0x08002612   0x00000020   Code   RO          421    i.USBD_LL_Start     usbd_conf.o
    0x08002632   0x00000012   Code   RO         2755    i.USBD_LL_Suspend   usbd_core.o
    0x08002644   0x00000020   Code   RO          423    i.USBD_LL_Transmit  usbd_conf.o
    0x08002664   0x00000028   Code   RO         2882    i.USBD_ParseSetupRequest  usbd_ctlreq.o
    0x0800268c   0x00000012   Code   RO         2756    i.USBD_RegisterClass  usbd_core.o
    0x0800269e   0x00000016   Code   RO         2758    i.USBD_SetClassConfig  usbd_core.o
    0x080026b4   0x00000074   Code   RO         2883    i.USBD_SetConfig    usbd_ctlreq.o
    0x08002728   0x0000000a   Code   RO         2759    i.USBD_Start        usbd_core.o
    0x08002732   0x000000f2   Code   RO         2884    i.USBD_StdDevReq    usbd_ctlreq.o
    0x08002824   0x000000de   Code   RO         2885    i.USBD_StdEPReq     usbd_ctlreq.o
    0x08002902   0x00000034   Code   RO         2886    i.USBD_StdItfReq    usbd_ctlreq.o
    0x08002936   0x00000002   PAD
    0x08002938   0x00000080   Code   RO         2374    i.USB_ActivateEndpoint  stm32f7xx_ll_usb.o
    0x080029b8   0x00000034   Code   RO         2375    i.USB_ActivateSetup  stm32f7xx_ll_usb.o
    0x080029ec   0x00000070   Code   RO         2377    i.USB_CoreInit      stm32f7xx_ll_usb.o
    0x08002a5c   0x00000038   Code   RO         2378    i.USB_CoreReset     stm32f7xx_ll_usb.o
    0x08002a94   0x0000006e   Code   RO         2380    i.USB_DeactivateEndpoint  stm32f7xx_ll_usb.o
    0x08002b02   0x00000018   Code   RO         2381    i.USB_DevConnect    stm32f7xx_ll_usb.o
    0x08002b1a   0x00000018   Code   RO         2382    i.USB_DevDisconnect  stm32f7xx_ll_usb.o
    0x08002b32   0x00000002   PAD
    0x08002b34   0x00000168   Code   RO         2383    i.USB_DevInit       stm32f7xx_ll_usb.o
    0x08002c9c   0x0000000c   Code   RO         2384    i.USB_DisableGlobalInt  stm32f7xx_ll_usb.o
    0x08002ca8   0x00000140   Code   RO         2387    i.USB_EP0StartXfer  stm32f7xx_ll_usb.o
    0x08002de8   0x0000003e   Code   RO         2388    i.USB_EP0_OutStart  stm32f7xx_ll_usb.o
    0x08002e26   0x00000064   Code   RO         2389    i.USB_EPClearStall  stm32f7xx_ll_usb.o
    0x08002e8a   0x0000005e   Code   RO         2390    i.USB_EPSetStall    stm32f7xx_ll_usb.o
    0x08002ee8   0x0000021c   Code   RO         2391    i.USB_EPStartXfer   stm32f7xx_ll_usb.o
    0x08003104   0x0000000c   Code   RO         2392    i.USB_EnableGlobalInt  stm32f7xx_ll_usb.o
    0x08003110   0x00000020   Code   RO         2393    i.USB_FlushRxFifo   stm32f7xx_ll_usb.o
    0x08003130   0x00000024   Code   RO         2394    i.USB_FlushTxFifo   stm32f7xx_ll_usb.o
    0x08003154   0x0000003e   Code   RO         2396    i.USB_GetDevSpeed   stm32f7xx_ll_usb.o
    0x08003192   0x00000008   Code   RO         2398    i.USB_GetMode       stm32f7xx_ll_usb.o
    0x0800319a   0x0000000e   Code   RO         2405    i.USB_ReadDevAllInEpInterrupt  stm32f7xx_ll_usb.o
    0x080031a8   0x0000000e   Code   RO         2406    i.USB_ReadDevAllOutEpInterrupt  stm32f7xx_ll_usb.o
    0x080031b6   0x00000020   Code   RO         2407    i.USB_ReadDevInEPInterrupt  stm32f7xx_ll_usb.o
    0x080031d6   0x00000010   Code   RO         2408    i.USB_ReadDevOutEPInterrupt  stm32f7xx_ll_usb.o
    0x080031e6   0x00000008   Code   RO         2409    i.USB_ReadInterrupts  stm32f7xx_ll_usb.o
    0x080031ee   0x0000001e   Code   RO         2410    i.USB_ReadPacket    stm32f7xx_ll_usb.o
    0x0800320c   0x0000002c   Code   RO         2412    i.USB_SetCurrentMode  stm32f7xx_ll_usb.o
    0x08003238   0x00000022   Code   RO         2413    i.USB_SetDevAddress  stm32f7xx_ll_usb.o
    0x0800325a   0x00000002   PAD
    0x0800325c   0x0000002c   Code   RO         2417    i.USB_WritePacket   stm32f7xx_ll_usb.o
    0x08003288   0x0000000e   Code   RO         3164    i.__scatterload_copy  mc_w.l(handlers.o)
    0x08003296   0x00000002   Code   RO         3165    i.__scatterload_null  mc_w.l(handlers.o)
    0x08003298   0x0000000e   Code   RO         3166    i.__scatterload_zeroinit  mc_w.l(handlers.o)
    0x080032a6   0x00000002   PAD
    0x080032a8   0x00000050   Code   RO         3116    i.free              mc_w.l(malloc.o)
    0x080032f8   0x0000003c   Code   RO          353    i.main              main.o
    0x08003334   0x0000006c   Code   RO         3117    i.malloc            mc_w.l(malloc.o)
    0x080033a0   0x00000010   Data   RO         2698    .constdata          system_stm32f7xx.o
    0x080033b0   0x00000020   Data   RO         3162    Region$$Table       anon$$obj.o


    Execution Region RW_IRAM1 (Base: 0x20000000, Size: 0x000069a8, Max: 0x00080000, ABSOLUTE, COMPRESSED[0x000000cc])

    Base Addr    Size         Type   Attr      Idx    E Section Name        Object

    0x20000000   0x00000010   Data   RW            9    .data               usbd_cdc_if.o
    0x20000010   0x00000008   Data   RW           10    .data               usbd_cdc_if.o
    0x20000018   0x00000020   Data   RW          223    .data               usbd_desc.o
    0x20000038   0x00000024   Data   RW          224    .data               usbd_desc.o
    0x2000005c   0x00000004   Data   RW         2047    .data               stm32f7xx_hal.o
    0x20000060   0x00000004   Data   RW         2700    .data               system_stm32f7xx.o
    0x20000064   0x00000001   Data   RW         2887    .data               usbd_ctlreq.o
    0x20000065   0x00000003   PAD
    0x20000068   0x000000db   Data   RW         2959    .data               usbd_cdc.o
    0x20000143   0x00000001   PAD
    0x20000144   0x00000038   Data   RW         2960    .data               usbd_cdc.o
    0x2000017c   0x00000004   Data   RW         3158    .data               mc_w.l(mvars.o)
    0x20000180   0x00000004   Data   RW         3159    .data               mc_w.l(mvars.o)
    0x20000184   0x00000200   Zero   RW          222    .bss                usbd_desc.o
    0x20000384   0x00000224   Zero   RW          289    .bss                usb_device.o
    0x200005a8   0x00000400   Zero   RW          424    .bss                usbd_conf.o
    0x200009a8   0x00002000   Zero   RW         2732    HEAP                startup_stm32f769xx.o
    0x200029a8   0x00004000   Zero   RW         2731    STACK               startup_stm32f769xx.o


==============================================================================

Image component sizes


      Code (inc. data)   RO Data    RW Data    ZI Data      Debug   Object Name

      1478         86          0          0          0       3496   main.o
        36          8        504          0      24576        804   startup_stm32f769xx.o
       112         18          0          4          0       3763   stm32f7xx_hal.o
       228         12          0          0          0      37213   stm32f7xx_hal_cortex.o
       472         54          0          0          0       1912   stm32f7xx_hal_gpio.o
        88          0          0          0          0        526   stm32f7xx_hal_msp.o
      2262         72          0          0          0      11513   stm32f7xx_hal_pcd.o
       120          6          0          0          0       2496   stm32f7xx_hal_pcd_ex.o
      1380         46          0          0          0       4466   stm32f7xx_hal_rcc.o
        26          6          0          0          0        954   stm32f7xx_it.o
      2380         52          0          0          0      20471   stm32f7xx_ll_usb.o
        84         16         16          4          0       1223   system_stm32f7xx.o
        56         18          0          0        548        728   usb_device.o
       594         20          0        275          0      13046   usbd_cdc.o
       112         20          0         24          0     931927   usbd_cdc_if.o
       858         46          0          0       1024      15223   usbd_conf.o
       626          0          0          0          0      11978   usbd_core.o
      1012         20          0          1          0       8044   usbd_ctlreq.o
       224        120          0         68        512       5779   usbd_desc.o
       132          0          0          0          0       4528   usbd_ioreq.o

    ----------------------------------------------------------------------
     12298        620        552        380      26660    1080090   Object Totals
         0          0         32          0          0          0   (incl. Generated)
        18          0          0          4          0          0   (incl. Padding)

    ----------------------------------------------------------------------

      Code (inc. data)   RO Data    RW Data    ZI Data      Debug   Library Member Name

        86          0          0          0          0          0   __dczerorl2.o
         0          0          0          0          0          0   entry.o
         0          0          0          0          0          0   entry10a.o
         0          0          0          0          0          0   entry11a.o
         8          4          0          0          0          0   entry2.o
         4          0          0          0          0          0   entry5.o
         0          0          0          0          0          0   entry7b.o
         0          0          0          0          0          0   entry8b.o
         8          4          0          0          0          0   entry9a.o
        30          0          0          0          0          0   handlers.o
        36          8          0          0          0         68   init.o
       188         20          0          0          0        160   malloc.o
        36          0          0          0          0         68   memcpya.o
         0          0          0          8          0          0   mvars.o
        14          0          0          0          0         68   strlen.o

    ----------------------------------------------------------------------
       414         36          0          8          0        364   Library Totals
         4          0          0          0          0          0   (incl. Padding)

    ----------------------------------------------------------------------

      Code (inc. data)   RO Data    RW Data    ZI Data      Debug   Library Name

       410         36          0          8          0        364   mc_w.l

    ----------------------------------------------------------------------
       414         36          0          8          0        364   Library Totals

    ----------------------------------------------------------------------

==============================================================================


      Code (inc. data)   RO Data    RW Data    ZI Data      Debug   

     12712        656        552        388      26660    1066034   Grand Totals
     12712        656        552        204      26660    1066034   ELF Image Totals (compressed)
     12712        656        552        204          0          0   ROM Totals

==============================================================================

    Total RO  Size (Code + RO Data)                13264 (  12.95kB)
    Total RW  Size (RW Data + ZI Data)             27048 (  26.41kB)
    Total ROM Size (Code + RO Data + RW Data)      13468 (  13.15kB)

==============================================================================

